Component: ARM Compiler 5.06 update 4 (build 422) Tool: armlink [4d35d2]

==============================================================================

Section Cross References

    startup_stm32f103xb.o(RESET) refers to startup_stm32f103xb.o(STACK) for __initial_sp
    startup_stm32f103xb.o(RESET) refers to startup_stm32f103xb.o(.text) for Reset_Handler
    startup_stm32f103xb.o(RESET) refers to stm32f1xx_it.o(i.NMI_Handler) for NMI_Handler
    startup_stm32f103xb.o(RESET) refers to stm32f1xx_it.o(i.HardFault_Handler) for HardFault_Handler
    startup_stm32f103xb.o(RESET) refers to stm32f1xx_it.o(i.MemManage_Handler) for MemManage_Handler
    startup_stm32f103xb.o(RESET) refers to stm32f1xx_it.o(i.BusFault_Handler) for BusFault_Handler
    startup_stm32f103xb.o(RESET) refers to stm32f1xx_it.o(i.UsageFault_Handler) for UsageFault_Handler
    startup_stm32f103xb.o(RESET) refers to port.o(.emb_text) for SVC_Handler
    startup_stm32f103xb.o(RESET) refers to stm32f1xx_it.o(i.DebugMon_Handler) for DebugMon_Handler
    startup_stm32f103xb.o(RESET) refers to stm32f1xx_it.o(i.SysTick_Handler) for SysTick_Handler
    startup_stm32f103xb.o(RESET) refers to stm32f1xx_it.o(i.DMA1_Channel1_IRQHandler) for DMA1_Channel1_IRQHandler
    startup_stm32f103xb.o(RESET) refers to stm32f1xx_it.o(i.TIM1_UP_IRQHandler) for TIM1_UP_IRQHandler
    startup_stm32f103xb.o(RESET) refers to stm32f1xx_it.o(i.USART1_IRQHandler) for USART1_IRQHandler
    startup_stm32f103xb.o(.text) refers to system_stm32f1xx.o(i.SystemInit) for SystemInit
    startup_stm32f103xb.o(.text) refers to entry.o(.ARM.Collect$$$$00000000) for __main
    lc12s.o(i.LC12S_Init) refers to stm32f1xx_hal_gpio.o(i.HAL_GPIO_WritePin) for HAL_GPIO_WritePin
    lc12s.o(i.LC12S_Init) refers to cmsis_os.o(i.osDelay) for osDelay
    lc12s.o(i.LC12S_Init) refers to stm32f1xx_hal_uart.o(i.HAL_UART_Transmit) for HAL_UART_Transmit
    lc12s.o(i.LC12S_Init) refers to stm32f1xx_hal_uart.o(i.HAL_UART_Receive) for HAL_UART_Receive
    lc12s.o(i.LC12S_Init) refers to lc12s.o(.data) for LS12SParam
    lc12s.o(i.LC12S_Init) refers to usart.o(.bss) for huart1
    lc12s.o(i.LC12S_Init) refers to lc12s.o(.bss) for ReceiveBuffer
    lc12s.o(i.LC12S_Send) refers to lc12s.o(i.LC12S_PT2PD) for LC12S_PT2PD
    lc12s.o(i.LC12S_Send) refers to stm32f1xx_hal_uart.o(i.HAL_UART_Transmit_IT) for HAL_UART_Transmit_IT
    lc12s.o(i.LC12S_Send) refers to lc12s.o(.bss) for SendBuffer
    lc12s.o(i.LC12S_Send) refers to usart.o(.bss) for huart1
    rocker.o(i.Rocker_GetData) refers to rocker.o(.data) for OffsetParam
    rocker.o(i.Rocker_GetData) refers to rocker.o(.bss) for OriginData
    rocker.o(i.Rocker_GetOriginal) refers to rocker.o(.bss) for OriginData
    rocker.o(i.Rocker_Init) refers to stm32f1xx_hal_adc.o(i.HAL_ADC_Start_DMA) for HAL_ADC_Start_DMA
    rocker.o(i.Rocker_Init) refers to rocker.o(.bss) for OriginData
    rocker.o(i.Rocker_Init) refers to adc.o(.bss) for hadc1
    rocker.o(i.Rocker_SetOffset) refers to rocker.o(.data) for OffsetParam
    key.o(i.Key_InitConfig) refers to key.o(.bss) for LastStatus
    key.o(i.Key_Update) refers to memcpya.o(.text) for __aeabi_memcpy
    key.o(i.Key_Update) refers to stm32f1xx_hal_gpio.o(i.HAL_GPIO_ReadPin) for HAL_GPIO_ReadPin
    key.o(i.Key_Update) refers to key.o(.bss) for CurrentStatus
    key.o(i.Key_Update) refers to key.o(.data) for KeyPin
    oled.o(i.IIC_Start) refers to stm32f1xx_hal_gpio.o(i.HAL_GPIO_WritePin) for HAL_GPIO_WritePin
    oled.o(i.IIC_Stop) refers to stm32f1xx_hal_gpio.o(i.HAL_GPIO_WritePin) for HAL_GPIO_WritePin
    oled.o(i.OLED_ClearDisplay) refers to oled.o(i.OLED_WrCmd) for OLED_WrCmd
    oled.o(i.OLED_ClearDisplay) refers to oled.o(i.OLED_WrDat) for OLED_WrDat
    oled.o(i.OLED_ClearGRAM) refers to oled.o(.bss) for OLED_GRAM
    oled.o(i.OLED_DrawF6x8Char) refers to font.o(.constdata) for F6x8
    oled.o(i.OLED_DrawF6x8Char) refers to oled.o(.bss) for OLED_GRAM
    oled.o(i.OLED_DrawF6x8Pic) refers to font.o(.constdata) for Pic6x8
    oled.o(i.OLED_DrawF6x8Pic) refers to oled.o(.bss) for OLED_GRAM
    oled.o(i.OLED_DrawF6x8String) refers to oled.o(i.OLED_DrawF6x8Char) for OLED_DrawF6x8Char
    oled.o(i.OLED_InitConfig) refers to oled.o(i.OLED_WrCmd) for OLED_WrCmd
    oled.o(i.OLED_InitConfig) refers to oled.o(i.OLED_ClearGRAM) for OLED_ClearGRAM
    oled.o(i.OLED_InitConfig) refers to oled.o(i.OLED_ClearDisplay) for OLED_ClearDisplay
    oled.o(i.OLED_InitConfig) refers to oled.o(i.OLED_RefreshGRAM) for OLED_RefreshGRAM
    oled.o(i.OLED_ON) refers to oled.o(i.OLED_WrCmd) for OLED_WrCmd
    oled.o(i.OLED_RefreshGRAM) refers to oled.o(i.OLED_WrCmd) for OLED_WrCmd
    oled.o(i.OLED_RefreshGRAM) refers to oled.o(i.OLED_WrDat) for OLED_WrDat
    oled.o(i.OLED_RefreshGRAM) refers to oled.o(.bss) for OLED_GRAM
    oled.o(i.OLED_SetPos) refers to oled.o(i.OLED_WrCmd) for OLED_WrCmd
    oled.o(i.OLED_WrCmd) refers to oled.o(i.IIC_Start) for IIC_Start
[...]
    ../Middlewares/Third_Party/FreeRTOS/Source/tasks.c 0x00000000   Number         0  tasks.o ABSOLUTE
    ../Middlewares/Third_Party/FreeRTOS/Source/timers.c 0x00000000   Number         0  timers.o ABSOLUTE
    ../Src/adc.c                             0x00000000   Number         0  adc.o ABSOLUTE
    ../Src/dma.c                             0x00000000   Number         0  dma.o ABSOLUTE
    ../Src/freertos.c                        0x00000000   Number         0  freertos.o ABSOLUTE
    ../Src/gpio.c                            0x00000000   Number         0  gpio.o ABSOLUTE
    ../Src/main.c                            0x00000000   Number         0  main.o ABSOLUTE
    ../Src/stm32f1xx_hal_msp.c               0x00000000   Number         0  stm32f1xx_hal_msp.o ABSOLUTE
    ../Src/stm32f1xx_hal_timebase_TIM.c      0x00000000   Number         0  stm32f1xx_hal_timebase_tim.o ABSOLUTE
    ../Src/stm32f1xx_it.c                    0x00000000   Number         0  stm32f1xx_it.o ABSOLUTE
    ../Src/system_stm32f1xx.c                0x00000000   Number         0  system_stm32f1xx.o ABSOLUTE
    ../Src/usart.c                           0x00000000   Number         0  usart.o ABSOLUTE
    ../clib/microlib/division.c              0x00000000   Number         0  uldiv.o ABSOLUTE
    ../clib/microlib/division.c              0x00000000   Number         0  uidiv.o ABSOLUTE
    ../clib/microlib/init/entry.s            0x00000000   Number         0  entry10a.o ABSOLUTE
    ../clib/microlib/init/entry.s            0x00000000   Number         0  entry9b.o ABSOLUTE
    ../clib/microlib/init/entry.s            0x00000000   Number         0  entry9a.o ABSOLUTE
    ../clib/microlib/init/entry.s            0x00000000   Number         0  entry10b.o ABSOLUTE
    ../clib/microlib/init/entry.s            0x00000000   Number         0  entry8b.o ABSOLUTE
    ../clib/microlib/init/entry.s            0x00000000   Number         0  entry8a.o ABSOLUTE
    ../clib/microlib/init/entry.s            0x00000000   Number         0  entry11a.o ABSOLUTE
    ../clib/microlib/init/entry.s            0x00000000   Number         0  entry7a.o ABSOLUTE
    ../clib/microlib/init/entry.s            0x00000000   Number         0  entry.o ABSOLUTE
    ../clib/microlib/init/entry.s            0x00000000   Number         0  entry11b.o ABSOLUTE
    ../clib/microlib/init/entry.s            0x00000000   Number         0  entry7b.o ABSOLUTE
    ../clib/microlib/init/entry.s            0x00000000   Number         0  entry2.o ABSOLUTE
    ../clib/microlib/init/entry.s            0x00000000   Number         0  entry5.o ABSOLUTE
    ../clib/microlib/longlong.c              0x00000000   Number         0  llsshr.o ABSOLUTE
    ../clib/microlib/longlong.c              0x00000000   Number         0  llushr.o ABSOLUTE
    ../clib/microlib/longlong.c              0x00000000   Number         0  llshl.o ABSOLUTE
    ../clib/microlib/printf/printf.c         0x00000000   Number         0  printf1.o ABSOLUTE
    ../clib/microlib/printf/printf.c         0x00000000   Number         0  printf0.o ABSOLUTE
    ../clib/microlib/printf/printf.c         0x00000000   Number         0  printfb.o ABSOLUTE
    ../clib/microlib/printf/printf.c         0x00000000   Number         0  printf7.o ABSOLUTE
    ../clib/microlib/printf/printf.c         0x00000000   Number         0  printf6.o ABSOLUTE
    ../clib/microlib/printf/printf.c         0x00000000   Number         0  printf5.o ABSOLUTE
    ../clib/microlib/printf/printf.c         0x00000000   Number         0  printf4.o ABSOLUTE
    ../clib/microlib/printf/printf.c         0x00000000   Number         0  printf3.o ABSOLUTE
    ../clib/microlib/printf/printf.c         0x00000000   Number         0  printfa.o ABSOLUTE
    ../clib/microlib/printf/printf.c         0x00000000   Number         0  printf8.o ABSOLUTE
    ../clib/microlib/printf/printf.c         0x00000000   Number         0  printf2.o ABSOLUTE
    ../clib/microlib/printf/stubs.s          0x00000000   Number         0  stubs.o ABSOLUTE
    ../clib/microlib/stdio/fputc.c           0x00000000   Number         0  fputc.o ABSOLUTE
    ../clib/microlib/stdio/semi.s            0x00000000   Number         0  semi.o ABSOLUTE
    ../clib/microlib/stdio/streams.c         0x00000000   Number         0  stdout.o ABSOLUTE
    ../clib/microlib/string/memcpy.c         0x00000000   Number         0  memcpya.o ABSOLUTE
    ../clib/microlib/string/memcpy.c         0x00000000   Number         0  memcpyb.o ABSOLUTE
    ../clib/microlib/string/memset.c         0x00000000   Number         0  memseta.o ABSOLUTE
    ../clib/microlib/stubs.s                 0x00000000   Number         0  iusefp.o ABSOLUTE
    ../clib/microlib/stubs.s                 0x00000000   Number         0  iusesemip.o ABSOLUTE
    ../fplib/microlib/fpadd.c                0x00000000   Number         0  dadd.o ABSOLUTE
    ../fplib/microlib/fpdiv.c                0x00000000   Number         0  ddiv.o ABSOLUTE
    ../fplib/microlib/fpepilogue.c           0x00000000   Number         0  depilogue.o ABSOLUTE
    ../fplib/microlib/fpfix.c                0x00000000   Number         0  dfixul.o ABSOLUTE
    ../fplib/microlib/fpmul.c                0x00000000   Number         0  dmul.o ABSOLUTE
    ..\Drivers\STM32F1xx_HAL_Driver\Src\stm32f1xx_hal.c 0x00000000   Number         0  stm32f1xx_hal.o ABSOLUTE
    ..\Drivers\STM32F1xx_HAL_Driver\Src\stm32f1xx_hal_adc.c 0x00000000   Number         0  stm32f1xx_hal_adc.o ABSOLUTE
    ..\Drivers\STM32F1xx_HAL_Driver\Src\stm32f1xx_hal_adc_ex.c 0x00000000   Number         0  stm32f1xx_hal_adc_ex.o ABSOLUTE
    ..\Drivers\STM32F1xx_HAL_Driver\Src\stm32f1xx_hal_cortex.c 0x00000000   Number         0  stm32f1xx_hal_cortex.o ABSOLUTE
    ..\Drivers\STM32F1xx_HAL_Driver\Src\stm32f1xx_hal_dma.c 0x00000000   Number         0  stm32f1xx_hal_dma.o ABSOLUTE
    ..\Drivers\STM32F1xx_HAL_Driver\Src\stm32f1xx_hal_flash.c 0x00000000   Number         0  stm32f1xx_hal_flash.o ABSOLUTE
    ..\Drivers\STM32F1xx_HAL_Driver\Src\stm32f1xx_hal_flash_ex.c 0x00000000   Number         0  stm32f1xx_hal_flash_ex.o ABSOLUTE
    ..\Drivers\STM32F1xx_HAL_Driver\Src\stm32f1xx_hal_gpio.c 0x00000000   Number         0  stm32f1xx_hal_gpio.o ABSOLUTE
    ..\Drivers\STM32F1xx_HAL_Driver\Src\stm32f1xx_hal_gpio_ex.c 0x00000000   Number         0  stm32f1xx_hal_gpio_ex.o ABSOLUTE
    ..\Drivers\STM32F1xx_HAL_Driver\Src\stm32f1xx_hal_pwr.c 0x00000000   Number         0  stm32f1xx_hal_pwr.o ABSOLUTE
    ..\Drivers\STM32F1xx_HAL_Driver\Src\stm32f1xx_hal_rcc.c 0x00000000   Number         0  stm32f1xx_hal_rcc.o ABSOLUTE
    ..\Drivers\STM32F1xx_HAL_Driver\Src\stm32f1xx_hal_rcc_ex.c 0x00000000   Number         0  stm32f1xx_hal_rcc_ex.o ABSOLUTE
    ..\Drivers\STM32F1xx_HAL_Driver\Src\stm32f1xx_hal_tim.c 0x00000000   Number         0  stm32f1xx_hal_tim.o ABSOLUTE
    ..\Drivers\STM32F1xx_HAL_Driver\Src\stm32f1xx_hal_tim_ex.c 0x00000000   Number         0  stm32f1xx_hal_tim_ex.o ABSOLUTE
    ..\Drivers\STM32F1xx_HAL_Driver\Src\stm32f1xx_hal_uart.c 0x00000000   Number         0  stm32f1xx_hal_uart.o ABSOLUTE
    ..\HardwareDriver\src\Key.c              0x00000000   Number         0  key.o ABSOLUTE
    ..\HardwareDriver\src\LC12S.c            0x00000000   Number         0  lc12s.o ABSOLUTE
    ..\HardwareDriver\src\OLED.c             0x00000000   Number         0  oled.o ABSOLUTE
    ..\HardwareDriver\src\Rocker.c           0x00000000   Number         0  rocker.o ABSOLUTE
    ..\HardwareDriver\src\Switch.c           0x00000000   Number         0  switch.o ABSOLUTE
    ..\HardwareDriver\src\font.c             0x00000000   Number         0  font.o ABSOLUTE
    ..\Middlewares\Third_Party\FreeRTOS\Source\CMSIS_RTOS\cmsis_os.c 0x00000000   Number         0  cmsis_os.o ABSOLUTE
    ..\Middlewares\Third_Party\FreeRTOS\Source\portable\RVDS\ARM_CM3\port.c 0x00000000   Number         0  port.o ABSOLUTE
    ..\Src\adc.c                             0x00000000   Number         0  adc.o ABSOLUTE
    ..\Src\dma.c                             0x00000000   Number         0  dma.o ABSOLUTE
    ..\Src\freertos.c                        0x00000000   Number         0  freertos.o ABSOLUTE
    ..\Src\gpio.c                            0x00000000   Number         0  gpio.o ABSOLUTE
    ..\Src\main.c                            0x00000000   Number         0  main.o ABSOLUTE
    ..\Src\stm32f1xx_hal_msp.c               0x00000000   Number         0  stm32f1xx_hal_msp.o ABSOLUTE
    ..\Src\stm32f1xx_hal_timebase_TIM.c      0x00000000   Number         0  stm32f1xx_hal_timebase_tim.o ABSOLUTE
    ..\Src\stm32f1xx_it.c                    0x00000000   Number         0  stm32f1xx_it.o ABSOLUTE
    ..\Src\system_stm32f1xx.c                0x00000000   Number         0  system_stm32f1xx.o ABSOLUTE
    ..\Src\usart.c                           0x00000000   Number         0  usart.o ABSOLUTE
    ..\\HardwareDriver\\src\\Key.c           0x00000000   Number         0  key.o ABSOLUTE
    ..\\HardwareDriver\\src\\LC12S.c         0x00000000   Number         0  lc12s.o ABSOLUTE
    ..\\HardwareDriver\\src\\OLED.c          0x00000000   Number         0  oled.o ABSOLUTE
    ..\\HardwareDriver\\src\\Rocker.c        0x00000000   Number         0  rocker.o ABSOLUTE
    ..\\HardwareDriver\\src\\Switch.c        0x00000000   Number         0  switch.o ABSOLUTE
    ..\\task\\src\\task_Control.c            0x00000000   Number         0  task_control.o ABSOLUTE
    ..\task\src\task_Control.c               0x00000000   Number         0  task_control.o ABSOLUTE
    cdrcmple.s                               0x00000000   Number         0  cdrcmple.o ABSOLUTE
    dc.s                                     0x00000000   Number         0  dc.o ABSOLUTE
    handlers.s                               0x00000000   Number         0  handlers.o ABSOLUTE
    init.s                                   0x00000000   Number         0  init.o ABSOLUTE
    startup_stm32f103xb.s                    0x00000000   Number         0  startup_stm32f103xb.o ABSOLUTE
    RESET                                    0x08000000   Section      236  startup_stm32f103xb.o(RESET)
    .ARM.Collect$$$$00000000                 0x080000ec   Section        0  entry.o(.ARM.Collect$$$$00000000)
    .ARM.Collect$$$$00000001                 0x080000ec   Section        4  entry2.o(.ARM.Collect$$$$00000001)
    .ARM.Collect$$$$00000004                 0x080000f0   Section        4  entry5.o(.ARM.Collect$$$$00000004)
    .ARM.Collect$$$$00000008                 0x080000f4   Section        0  entry7b.o(.ARM.Collect$$$$00000008)
    .ARM.Collect$$$$0000000A                 0x080000f4   Section        0  entry8b.o(.ARM.Collect$$$$0000000A)
    .ARM.Collect$$$$0000000B                 0x080000f4   Section        8  entry9a.o(.ARM.Collect$$$$0000000B)
    .ARM.Collect$$$$0000000D                 0x080000fc   Section        0  entry10a.o(.ARM.Collect$$$$0000000D)
    .ARM.Collect$$$$0000000F                 0x080000fc   Section        0  entry11a.o(.ARM.Collect$$$$0000000F)
    .ARM.Collect$$$$00002712                 0x080000fc   Section        4  entry2.o(.ARM.Collect$$$$00002712)
    __lit__00000000                          0x080000fc   Data           4  entry2.o(.ARM.Collect$$$$00002712)
    .emb_text                                0x08000100   Section      150  port.o(.emb_text)
    .text                                    0x08000198   Section       36  startup_stm32f103xb.o(.text)
    .text                                    0x080001bc   Section        0  memcpya.o(.text)
    .text                                    0x080001e0   Section        0  memseta.o(.text)
    .text                                    0x08000204   Section        0  uidiv.o(.text)
    .text                                    0x08000230   Section       36  init.o(.text)
    i.ADC_ConversionStop_Disable             0x08000254   Section        0  stm32f1xx_hal_adc.o(i.ADC_ConversionStop_Disable)
    i.ADC_DMAConvCplt                        0x080002a6   Section        0  stm32f1xx_hal_adc.o(i.ADC_DMAConvCplt)
    i.ADC_DMAError                           0x080002f8   Section        0  stm32f1xx_hal_adc.o(i.ADC_DMAError)
    i.ADC_DMAHalfConvCplt                    0x08000316   Section        0  stm32f1xx_hal_adc.o(i.ADC_DMAHalfConvCplt)
    i.ADC_Enable                             0x08000324   Section        0  stm32f1xx_hal_adc.o(i.ADC_Enable)
    i.BusFault_Handler                       0x080003a8   Section        0  stm32f1xx_it.o(i.BusFault_Handler)
    i.DMA1_Channel1_IRQHandler               0x080003ac   Section        0  stm32f1xx_it.o(i.DMA1_Channel1_IRQHandler)
    i.DMA_SetConfig                          0x080003bc   Section        0  stm32f1xx_hal_dma.o(i.DMA_SetConfig)
    DMA_SetConfig                            0x080003bd   Thumb Code    44  stm32f1xx_hal_dma.o(i.DMA_SetConfig)
    i.DebugMon_Handler                       0x080003e8   Section        0  stm32f1xx_it.o(i.DebugMon_Handler)
    i.HAL_ADC_ConfigChannel                  0x080003ec   Section        0  stm32f1xx_hal_adc.o(i.HAL_ADC_ConfigChannel)
    i.HAL_ADC_ConvCpltCallback               0x0800054c   Section        0  stm32f1xx_hal_adc.o(i.HAL_ADC_ConvCpltCallback)
    i.HAL_ADC_ConvHalfCpltCallback           0x0800054e   Section        0  stm32f1xx_hal_adc.o(i.HAL_ADC_ConvHalfCpltCallback)
    i.HAL_ADC_ErrorCallback                  0x08000550   Section        0  stm32f1xx_hal_adc.o(i.HAL_ADC_ErrorCallback)
    i.HAL_ADC_Init                           0x08000554   Section        0  stm32f1xx_hal_adc.o(i.HAL_ADC_Init)
    i.HAL_ADC_MspInit                        0x08000698   Section        0  adc.o(i.HAL_ADC_MspInit)
    i.HAL_ADC_Start_DMA                      0x08000738   Section        0  stm32f1xx_hal_adc.o(i.HAL_ADC_Start_DMA)
    i.HAL_DMA_Abort_IT                       0x080008b8   Section        0  stm32f1xx_hal_dma.o(i.HAL_DMA_Abort_IT)
    i.HAL_DMA_IRQHandler                     0x08000968   Section        0  stm32f1xx_hal_dma.o(i.HAL_DMA_IRQHandler)
    i.HAL_DMA_Init                           0x08000b04   Section        0  stm32f1xx_hal_dma.o(i.HAL_DMA_Init)
    i.HAL_DMA_Start_IT                       0x08000b74   Section        0  stm32f1xx_hal_dma.o(i.HAL_DMA_Start_IT)
    i.HAL_GPIO_Init                          0x08000c10   Section        0  stm32f1xx_hal_gpio.o(i.HAL_GPIO_Init)
    i.HAL_GPIO_ReadPin                       0x08000f2c   Section        0  stm32f1xx_hal_gpio.o(i.HAL_GPIO_ReadPin)
    i.HAL_GPIO_WritePin                      0x08000f3c   Section        0  stm32f1xx_hal_gpio.o(i.HAL_GPIO_WritePin)
    i.HAL_GetTick                            0x08000f48   Section        0  stm32f1xx_hal.o(i.HAL_GetTick)
    i.HAL_IncTick                            0x08000f54   Section        0  stm32f1xx_hal.o(i.HAL_IncTick)
    i.HAL_Init                               0x08000f6c   Section        0  stm32f1xx_hal.o(i.HAL_Init)
    i.HAL_InitTick                           0x08000f94   Section        0  stm32f1xx_hal_timebase_tim.o(i.HAL_InitTick)
    i.HAL_MspInit                            0x0800101c   Section        0  stm32f1xx_hal_msp.o(i.HAL_MspInit)
    i.HAL_NVIC_EnableIRQ                     0x080010a8   Section        0  stm32f1xx_hal_cortex.o(i.HAL_NVIC_EnableIRQ)
    i.HAL_NVIC_SetPriority                   0x080010c2   Section        0  stm32f1xx_hal_cortex.o(i.HAL_NVIC_SetPriority)
    i.HAL_NVIC_SetPriorityGrouping           0x08001140   Section        0  stm32f1xx_hal_cortex.o(i.HAL_NVIC_SetPriorityGrouping)
    i.HAL_RCCEx_PeriphCLKConfig              0x08001168   Section        0  stm32f1xx_hal_rcc_ex.o(i.HAL_RCCEx_PeriphCLKConfig)
    i.HAL_RCC_ClockConfig                    0x08001298   Section        0  stm32f1xx_hal_rcc.o(i.HAL_RCC_ClockConfig)
    i.HAL_RCC_GetClockConfig                 0x0800143c   Section        0  stm32f1xx_hal_rcc.o(i.HAL_RCC_GetClockConfig)
    i.HAL_RCC_GetHCLKFreq                    0x08001480   Section        0  stm32f1xx_hal_rcc.o(i.HAL_RCC_GetHCLKFreq)
    i.HAL_RCC_GetPCLK1Freq                   0x0800148c   Section        0  stm32f1xx_hal_rcc.o(i.HAL_RCC_GetPCLK1Freq)
    i.HAL_RCC_GetPCLK2Freq                   0x080014ac   Section        0  stm32f1xx_hal_rcc.o(i.HAL_RCC_GetPCLK2Freq)
    i.HAL_RCC_GetSysClockFreq                0x080014cc   Section        0  stm32f1xx_hal_rcc.o(i.HAL_RCC_GetSysClockFreq)
    i.HAL_RCC_OscConfig                      0x08001560   Section        0  stm32f1xx_hal_rcc.o(i.HAL_RCC_OscConfig)
    i.HAL_SYSTICK_CLKSourceConfig            0x080019a0   Section        0  stm32f1xx_hal_cortex.o(i.HAL_SYSTICK_CLKSourceConfig)
    i.HAL_SYSTICK_Config                     0x080019c8   Section        0  stm32f1xx_hal_cortex.o(i.HAL_SYSTICK_Config)
    i.HAL_TIMEx_BreakCallback                0x080019fc   Section        0  stm32f1xx_hal_tim_ex.o(i.HAL_TIMEx_BreakCallback)
    i.HAL_TIMEx_CommutationCallback          0x080019fe   Section        0  stm32f1xx_hal_tim_ex.o(i.HAL_TIMEx_CommutationCallback)
    i.HAL_TIM_Base_Init                      0x08001a00   Section        0  stm32f1xx_hal_tim.o(i.HAL_TIM_Base_Init)
    i.HAL_TIM_Base_MspInit                   0x08001a34   Section        0  stm32f1xx_hal_tim.o(i.HAL_TIM_Base_MspInit)
    i.HAL_TIM_Base_Start_IT                  0x08001a36   Section        0  stm32f1xx_hal_tim.o(i.HAL_TIM_Base_Start_IT)
    i.HAL_TIM_IC_CaptureCallback             0x08001a54   Section        0  stm32f1xx_hal_tim.o(i.HAL_TIM_IC_CaptureCallback)
    i.HAL_TIM_IRQHandler                     0x08001a56   Section        0  stm32f1xx_hal_tim.o(i.HAL_TIM_IRQHandler)
    i.HAL_TIM_OC_DelayElapsedCallback        0x08001bec   Section        0  stm32f1xx_hal_tim.o(i.HAL_TIM_OC_DelayElapsedCallback)
    i.HAL_TIM_PWM_PulseFinishedCallback      0x08001bee   Section        0  stm32f1xx_hal_tim.o(i.HAL_TIM_PWM_PulseFinishedCallback)
    i.HAL_TIM_PeriodElapsedCallback          0x08001bf0   Section        0  main.o(i.HAL_TIM_PeriodElapsedCallback)
    i.HAL_TIM_TriggerCallback                0x08001c08   Section        0  stm32f1xx_hal_tim.o(i.HAL_TIM_TriggerCallback)
    i.HAL_UART_ErrorCallback                 0x08001c0a   Section        0  stm32f1xx_hal_uart.o(i.HAL_UART_ErrorCallback)
    i.HAL_UART_IRQHandler                    0x08001c0c   Section        0  stm32f1xx_hal_uart.o(i.HAL_UART_IRQHandler)
    i.HAL_UART_Init                          0x08001d58   Section        0  stm32f1xx_hal_uart.o(i.HAL_UART_Init)
    i.HAL_UART_MspInit                       0x08001dcc   Section        0  usart.o(i.HAL_UART_MspInit)
    i.HAL_UART_Receive                       0x08001e54   Section        0  stm32f1xx_hal_uart.o(i.HAL_UART_Receive)
    i.HAL_UART_RxCpltCallback                0x08001f32   Section        0  stm32f1xx_hal_uart.o(i.HAL_UART_RxCpltCallback)
    i.HAL_UART_Transmit                      0x08001f34   Section        0  stm32f1xx_hal_uart.o(i.HAL_UART_Transmit)
    i.HAL_UART_Transmit_IT                   0x0800200a   Section        0  stm32f1xx_hal_uart.o(i.HAL_UART_Transmit_IT)
    i.HAL_UART_TxCpltCallback                0x08002062   Section        0  stm32f1xx_hal_uart.o(i.HAL_UART_TxCpltCallback)
    i.HardFault_Handler                      0x08002064   Section        0  stm32f1xx_it.o(i.HardFault_Handler)
    i.IIC_Start                              0x08002068   Section        0  oled.o(i.IIC_Start)
    IIC_Start                                0x08002069   Thumb Code    48  oled.o(i.IIC_Start)
    i.IIC_Stop                               0x0800209c   Section        0  oled.o(i.IIC_Stop)
    IIC_Stop                                 0x0800209d   Thumb Code    48  oled.o(i.IIC_Stop)
    i.Key_Update                             0x080020d0   Section        0  key.o(i.Key_Update)
    i.LC12S_Init                             0x08002150   Section        0  lc12s.o(i.LC12S_Init)
    i.LC12S_PT2PD                            0x08002200   Section        0  lc12s.o(i.LC12S_PT2PD)
    LC12S_PT2PD                              0x08002201   Thumb Code    78  lc12s.o(i.LC12S_PT2PD)
    i.LC12S_Send                             0x08002250   Section        0  lc12s.o(i.LC12S_Send)
    i.MX_ADC1_Init                           0x080022d8   Section        0  adc.o(i.MX_ADC1_Init)
    i.MX_DMA_Init                            0x08002394   Section        0  dma.o(i.MX_DMA_Init)
    i.MX_FREERTOS_Init                       0x080023c8   Section        0  freertos.o(i.MX_FREERTOS_Init)
    i.MX_GPIO_Init                           0x080023f0   Section        0  gpio.o(i.MX_GPIO_Init)
    i.MX_USART1_UART_Init                    0x08002520   Section        0  usart.o(i.MX_USART1_UART_Init)
    i.MemManage_Handler                      0x0800256c   Section        0  stm32f1xx_it.o(i.MemManage_Handler)
    i.NMI_Handler                            0x08002570   Section        0  stm32f1xx_it.o(i.NMI_Handler)
    i.NVIC_GetPriorityGrouping               0x08002574   Section        0  stm32f1xx_hal_cortex.o(i.NVIC_GetPriorityGrouping)
    NVIC_GetPriorityGrouping                 0x08002575   Thumb Code    10  stm32f1xx_hal_cortex.o(i.NVIC_GetPriorityGrouping)
    i.NVIC_SetPriority                       0x08002584   Section        0  stm32f1xx_hal_cortex.o(i.NVIC_SetPriority)
    NVIC_SetPriority                         0x08002585   Thumb Code    32  stm32f1xx_hal_cortex.o(i.NVIC_SetPriority)
    i.OLED_ClearDisplay                      0x080025ac   Section        0  oled.o(i.OLED_ClearDisplay)
    i.OLED_ClearGRAM                         0x080025f4   Section        0  oled.o(i.OLED_ClearGRAM)
    i.OLED_DrawF6x8Char                      0x08002628   Section        0  oled.o(i.OLED_DrawF6x8Char)
    i.OLED_DrawF6x8Pic                       0x0800271c   Section        0  oled.o(i.OLED_DrawF6x8Pic)
    i.OLED_DrawF6x8String                    0x0800280c   Section        0  oled.o(i.OLED_DrawF6x8String)
    i.OLED_InitConfig                        0x08002844   Section        0  oled.o(i.OLED_InitConfig)
    i.OLED_RefreshGRAM                       0x08002900   Section        0  oled.o(i.OLED_RefreshGRAM)
    i.OLED_WrCmd                             0x08002944   Section        0  oled.o(i.OLED_WrCmd)
    OLED_WrCmd                               0x08002945   Thumb Code    32  oled.o(i.OLED_WrCmd)
    i.OLED_WrDat                             0x08002964   Section        0  oled.o(i.OLED_WrDat)
    OLED_WrDat                               0x08002965   Thumb Code    32  oled.o(i.OLED_WrDat)
    i.RCC_Delay                              0x08002984   Section        0  stm32f1xx_hal_rcc.o(i.RCC_Delay)
    RCC_Delay                                0x08002985   Thumb Code    36  stm32f1xx_hal_rcc.o(i.RCC_Delay)
    i.Rocker_GetData                         0x080029ac   Section        0  rocker.o(i.Rocker_GetData)
    i.Rocker_Init                            0x08002bbc   Section        0  rocker.o(i.Rocker_Init)
    i.SendData                               0x08002bd4   Section        0  task_control.o(i.SendData)
    SendData                                 0x08002bd5   Thumb Code    50  task_control.o(i.SendData)
    i.StartDefaultTask                       0x08002c14   Section        0  freertos.o(i.StartDefaultTask)
    i.Status_CopterAdjust                    0x08002c74   Section        0  task_control.o(i.Status_CopterAdjust)
    Status_CopterAdjust                      0x08002c75   Thumb Code    24  task_control.o(i.Status_CopterAdjust)
    i.Status_Detail                          0x08002c9c   Section        0  task_control.o(i.Status_Detail)
    Status_Detail                            0x08002c9d   Thumb Code   160  task_control.o(i.Status_Detail)
    i.Status_LeaveCopterAdjust               0x08002d60   Section        0  task_control.o(i.Status_LeaveCopterAdjust)
    Status_LeaveCopterAdjust                 0x08002d61   Thumb Code     2  task_control.o(i.Status_LeaveCopterAdjust)
    i.Status_LeaveDetail                     0x08002d62   Section        0  task_control.o(i.Status_LeaveDetail)
    Status_LeaveDetail                       0x08002d63   Thumb Code     2  task_control.o(i.Status_LeaveDetail)
    i.Status_LeaveRcokerAdjust               0x08002d64   Section        0  task_control.o(i.Status_LeaveRcokerAdjust)
    Status_LeaveRcokerAdjust                 0x08002d65   Thumb Code     2  task_control.o(i.Status_LeaveRcokerAdjust)
    i.Status_RcokerAdjust                    0x08002d68   Section        0  task_control.o(i.Status_RcokerAdjust)
    Status_RcokerAdjust                      0x08002d69   Thumb Code    24  task_control.o(i.Status_RcokerAdjust)
    i.Status_Update                          0x08002d90   Section        0  task_control.o(i.Status_Update)
    Status_Update                            0x08002d91   Thumb Code   242  task_control.o(i.Status_Update)
    i.Switch_Get                             0x08002e9c   Section        0  switch.o(i.Switch_Get)
    i.SysTick_Handler                        0x08002ecc   Section        0  stm32f1xx_it.o(i.SysTick_Handler)
    i.SystemClock_Config                     0x08002ed4   Section        0  main.o(i.SystemClock_Config)
    i.SystemInit                             0x08002f7c   Section        0  system_stm32f1xx.o(i.SystemInit)
    i.TIM1_UP_IRQHandler                     0x08002fd4   Section        0  stm32f1xx_it.o(i.TIM1_UP_IRQHandler)
    i.TIM_Base_SetConfig                     0x08002fe4   Section        0  stm32f1xx_hal_tim.o(i.TIM_Base_SetConfig)
    i.UART_DMAAbortOnError                   0x08003058   Section        0  stm32f1xx_hal_uart.o(i.UART_DMAAbortOnError)
    UART_DMAAbortOnError                     0x08003059   Thumb Code    20  stm32f1xx_hal_uart.o(i.UART_DMAAbortOnError)
    i.UART_EndRxTransfer                     0x0800306c   Section        0  stm32f1xx_hal_uart.o(i.UART_EndRxTransfer)
    UART_EndRxTransfer                       0x0800306d   Thumb Code    32  stm32f1xx_hal_uart.o(i.UART_EndRxTransfer)
    i.UART_EndTransmit_IT                    0x0800308c   Section        0  stm32f1xx_hal_uart.o(i.UART_EndTransmit_IT)
    UART_EndTransmit_IT                      0x0800308d   Thumb Code    32  stm32f1xx_hal_uart.o(i.UART_EndTransmit_IT)
    i.UART_Receive_IT                        0x080030ac   Section        0  stm32f1xx_hal_uart.o(i.UART_Receive_IT)
    UART_Receive_IT                          0x080030ad   Thumb Code   166  stm32f1xx_hal_uart.o(i.UART_Receive_IT)
    i.UART_SetConfig                         0x08003154   Section        0  stm32f1xx_hal_uart.o(i.UART_SetConfig)
    UART_SetConfig                           0x08003155   Thumb Code   450  stm32f1xx_hal_uart.o(i.UART_SetConfig)
    i.UART_Transmit_IT                       0x0800331c   Section        0  stm32f1xx_hal_uart.o(i.UART_Transmit_IT)
    UART_Transmit_IT                         0x0800331d   Thumb Code   104  stm32f1xx_hal_uart.o(i.UART_Transmit_IT)
    i.UART_WaitOnFlagUntilTimeout            0x08003384   Section        0  stm32f1xx_hal_uart.o(i.UART_WaitOnFlagUntilTimeout)
    UART_WaitOnFlagUntilTimeout              0x08003385   Thumb Code   108  stm32f1xx_hal_uart.o(i.UART_WaitOnFlagUntilTimeout)
    i.USART1_IRQHandler                      0x080033f0   Section        0  stm32f1xx_it.o(i.USART1_IRQHandler)
    i.UsageFault_Handler                     0x08003400   Section        0  stm32f1xx_it.o(i.UsageFault_Handler)
    i.Write_IIC_Byte                         0x08003404   Section        0  oled.o(i.Write_IIC_Byte)
    Write_IIC_Byte                           0x08003405   Thumb Code    96  oled.o(i.Write_IIC_Byte)
    i._Error_Handler                         0x08003468   Section        0  main.o(i._Error_Handler)
    i.__0sprintf$1                           0x0800346c   Section        0  printf1.o(i.__0sprintf$1)
    i.__scatterload_copy                     0x08003494   Section       14  handlers.o(i.__scatterload_copy)
    i.__scatterload_null                     0x080034a2   Section        2  handlers.o(i.__scatterload_null)
    i.__scatterload_zeroinit                 0x080034a4   Section       14  handlers.o(i.__scatterload_zeroinit)
    i._printf_core                           0x080034b4   Section        0  printf1.o(i._printf_core)
    _printf_core                             0x080034b5   Thumb Code   336  printf1.o(i._printf_core)
    i._sputc                                 0x08003608   Section        0  printf1.o(i._sputc)
    _sputc                                   0x08003609   Thumb Code    10  printf1.o(i._sputc)
    i.main                                   0x08003612   Section        0  main.o(i.main)
    i.makeFreeRtosPriority                   0x08003636   Section        0  cmsis_os.o(i.makeFreeRtosPriority)
    makeFreeRtosPriority                     0x08003637   Thumb Code    14  cmsis_os.o(i.makeFreeRtosPriority)
    i.osDelay                                0x08003644   Section        0  cmsis_os.o(i.osDelay)
    i.osKernelStart                          0x0800365c   Section        0  cmsis_os.o(i.osKernelStart)
    i.osSystickHandler                       0x08003666   Section        0  cmsis_os.o(i.osSystickHandler)
    i.osThreadCreate                         0x08003676   Section        0  cmsis_os.o(i.osThreadCreate)
    i.prvAddCurrentTaskToDelayedList         0x080036a8   Section        0  tasks.o(i.prvAddCurrentTaskToDelayedList)
    prvAddCurrentTaskToDelayedList           0x080036a9   Thumb Code   124  tasks.o(i.prvAddCurrentTaskToDelayedList)
    i.prvAddNewTaskToReadyList               0x08003740   Section        0  tasks.o(i.prvAddNewTaskToReadyList)
    prvAddNewTaskToReadyList                 0x08003741   Thumb Code   150  tasks.o(i.prvAddNewTaskToReadyList)
    i.prvCheckTasksWaitingTermination        0x080037f4   Section        0  tasks.o(i.prvCheckTasksWaitingTermination)
    prvCheckTasksWaitingTermination          0x080037f5   Thumb Code    86  tasks.o(i.prvCheckTasksWaitingTermination)
    i.prvDeleteTCB                           0x08003858   Section        0  tasks.o(i.prvDeleteTCB)
    prvDeleteTCB                             0x08003859   Thumb Code    18  tasks.o(i.prvDeleteTCB)
    i.prvHeapInit                            0x0800386c   Section        0  heap_4.o(i.prvHeapInit)
    prvHeapInit                              0x0800386d   Thumb Code    98  heap_4.o(i.prvHeapInit)
    i.prvIdleTask                            0x080038e8   Section        0  tasks.o(i.prvIdleTask)
    prvIdleTask                              0x080038e9   Thumb Code    36  tasks.o(i.prvIdleTask)
    i.prvInitialiseNewTask                   0x08003914   Section        0  tasks.o(i.prvInitialiseNewTask)
    prvInitialiseNewTask                     0x08003915   Thumb Code   180  tasks.o(i.prvInitialiseNewTask)
    i.prvInitialiseTaskLists                 0x080039c8   Section        0  tasks.o(i.prvInitialiseTaskLists)
    prvInitialiseTaskLists                   0x080039c9   Thumb Code    70  tasks.o(i.prvInitialiseTaskLists)
    i.prvInsertBlockIntoFreeList             0x08003a30   Section        0  heap_4.o(i.prvInsertBlockIntoFreeList)
    prvInsertBlockIntoFreeList               0x08003a31   Thumb Code    96  heap_4.o(i.prvInsertBlockIntoFreeList)
    i.prvResetNextTaskUnblockTime            0x08003a98   Section        0  tasks.o(i.prvResetNextTaskUnblockTime)
    prvResetNextTaskUnblockTime              0x08003a99   Thumb Code    42  tasks.o(i.prvResetNextTaskUnblockTime)
    i.prvTaskExitError                       0x08003acc   Section        0  port.o(i.prvTaskExitError)
    prvTaskExitError                         0x08003acd   Thumb Code    60  port.o(i.prvTaskExitError)
    i.pvPortMalloc                           0x08003b0c   Section        0  heap_4.o(i.pvPortMalloc)
    i.pxPortInitialiseStack                  0x08003c48   Section        0  port.o(i.pxPortInitialiseStack)
    i.task_Control                           0x08003c6c   Section        0  task_control.o(i.task_Control)
    i.uxListRemove                           0x08003c9c   Section        0  list.o(i.uxListRemove)
    i.vApplicationIdleHook                   0x08003cc4   Section        0  freertos.o(i.vApplicationIdleHook)
    i.vListInitialise                        0x08003cc6   Section        0  list.o(i.vListInitialise)
    i.vListInitialiseItem                    0x08003ce0   Section        0  list.o(i.vListInitialiseItem)
    i.vListInsert                            0x08003ce6   Section        0  list.o(i.vListInsert)
    i.vListInsertEnd                         0x08003d1a   Section        0  list.o(i.vListInsertEnd)
    i.vPortEnterCritical                     0x08003d34   Section        0  port.o(i.vPortEnterCritical)
    i.vPortExitCritical                      0x08003d88   Section        0  port.o(i.vPortExitCritical)
    i.vPortFree                              0x08003dc4   Section        0  heap_4.o(i.vPortFree)
    i.vPortSetupTimerInterrupt               0x08003e58   Section        0  port.o(i.vPortSetupTimerInterrupt)
    i.vTaskDelay                             0x08003e78   Section        0  tasks.o(i.vTaskDelay)
    i.vTaskDelayUntil                        0x08003ed4   Section        0  tasks.o(i.vTaskDelayUntil)
    i.vTaskDelete                            0x08003fa8   Section        0  tasks.o(i.vTaskDelete)
    i.vTaskStartScheduler                    0x0800409c   Section        0  tasks.o(i.vTaskStartScheduler)
    i.vTaskSuspendAll                        0x08004124   Section        0  tasks.o(i.vTaskSuspendAll)
    i.vTaskSwitchContext                     0x08004134   Section        0  tasks.o(i.vTaskSwitchContext)
    i.xPortStartScheduler                    0x080041c0   Section        0  port.o(i.xPortStartScheduler)
    i.xPortSysTickHandler                    0x08004260   Section        0  port.o(i.xPortSysTickHandler)
    i.xTaskCreate                            0x08004294   Section        0  tasks.o(i.xTaskCreate)
    i.xTaskGetSchedulerState                 0x080042f4   Section        0  tasks.o(i.xTaskGetSchedulerState)
    i.xTaskGetTickCount                      0x08004314   Section        0  tasks.o(i.xTaskGetTickCount)
    i.xTaskIncrementTick                     0x08004320   Section        0  tasks.o(i.xTaskIncrementTick)
    i.xTaskResumeAll                         0x08004468   Section        0  tasks.o(i.xTaskResumeAll)
    .constdata                               0x0800456c   Section      564  font.o(.constdata)
    .constdata                               0x080047a0   Section       24  system_stm32f1xx.o(.constdata)
    .constdata                               0x080047b8   Section       40  freertos.o(.constdata)
    .conststring                             0x080047e0   Section       20  freertos.o(.conststring)
    .data                                    0x20000000   Section       18  lc12s.o(.data)
    LS12SParam                               0x20000000   Data          18  lc12s.o(.data)
    .data                                    0x20000014   Section       48  rocker.o(.data)
    OffsetParam                              0x20000014   Data          48  rocker.o(.data)
    .data                                    0x20000044   Section       48  key.o(.data)
    .data                                    0x20000074   Section       20  task_control.o(.data)
    pd                                       0x20000074   Data           7  task_control.o(.data)
    RockerData                               0x2000007b   Data           4  task_control.o(.data)
    MotorLocker                              0x2000007f   Data           1  task_control.o(.data)
    lastStatus                               0x20000080   Data           1  task_control.o(.data)
    currentStatus                            0x20000081   Data           1  task_control.o(.data)
    pushUnlockTick                           0x20000084   Data           4  task_control.o(.data)
    .data                                    0x20000088   Section        9  stm32f1xx_hal.o(.data)
    .data                                    0x20000094   Section        4  system_stm32f1xx.o(.data)
    .data                                    0x20000098   Section       24  heap_4.o(.data)
    xStart                                   0x20000098   Data           8  heap_4.o(.data)
    pxEnd                                    0x200000a0   Data           4  heap_4.o(.data)
    xFreeBytesRemaining                      0x200000a4   Data           4  heap_4.o(.data)
    xMinimumEverFreeBytesRemaining           0x200000a8   Data           4  heap_4.o(.data)
    xBlockAllocatedBit                       0x200000ac   Data           4  heap_4.o(.data)
    .data                                    0x200000b0   Section       12  port.o(.data)
    uxCriticalNesting                        0x200000b0   Data           4  port.o(.data)
    ucMaxSysCallPriority                     0x200000b4   Data           1  port.o(.data)
    ulMaxPRIGROUPValue                       0x200000b8   Data           4  port.o(.data)
    .data                                    0x200000bc   Section       60  tasks.o(.data)
    pxDelayedTaskList                        0x200000c0   Data           4  tasks.o(.data)
    pxOverflowDelayedTaskList                0x200000c4   Data           4  tasks.o(.data)
    uxDeletedTasksWaitingCleanUp             0x200000c8   Data           4  tasks.o(.data)
    uxCurrentNumberOfTasks                   0x200000cc   Data           4  tasks.o(.data)
    xTickCount                               0x200000d0   Data           4  tasks.o(.data)
    uxTopReadyPriority                       0x200000d4   Data           4  tasks.o(.data)
    xSchedulerRunning                        0x200000d8   Data           4  tasks.o(.data)
    uxPendedTicks                            0x200000dc   Data           4  tasks.o(.data)
    xYieldPending                            0x200000e0   Data           4  tasks.o(.data)
    xNumOfOverflows                          0x200000e4   Data           4  tasks.o(.data)
    uxTaskNumber                             0x200000e8   Data           4  tasks.o(.data)
    xNextTaskUnblockTime                     0x200000ec   Data           4  tasks.o(.data)
    xIdleTaskHandle                          0x200000f0   Data           4  tasks.o(.data)
    uxSchedulerSuspended                     0x200000f4   Data           4  tasks.o(.data)
    .data                                    0x200000f8   Section        8  freertos.o(.data)
    .bss                                     0x20000100   Section       50  lc12s.o(.bss)
    SendBuffer                               0x20000100   Data          18  lc12s.o(.bss)
    ReceiveBuffer                            0x20000112   Data          32  lc12s.o(.bss)
    .bss                                     0x20000134   Section       16  rocker.o(.bss)
    OriginData                               0x20000134   Data          16  rocker.o(.bss)
    .bss                                     0x20000144   Section       32  key.o(.bss)
    CurrentStatus                            0x20000144   Data          16  key.o(.bss)
    LastStatus                               0x20000154   Data          16  key.o(.bss)
    .bss                                     0x20000164   Section     1024  oled.o(.bss)
    OLED_GRAM                                0x20000164   Data        1024  oled.o(.bss)
    .bss                                     0x20000564   Section       16  task_control.o(.bss)
    KeyStatus                                0x20000564   Data          16  task_control.o(.bss)
    .bss                                     0x20000574   Section     3072  heap_4.o(.bss)
    ucHeap                                   0x20000574   Data        3072  heap_4.o(.bss)
    .bss                                     0x20001174   Section      240  tasks.o(.bss)
    pxReadyTasksLists                        0x20001174   Data         140  tasks.o(.bss)
    xDelayedTaskList1                        0x20001200   Data          20  tasks.o(.bss)
    xDelayedTaskList2                        0x20001214   Data          20  tasks.o(.bss)
    xPendingReadyList                        0x20001228   Data          20  tasks.o(.bss)
    xTasksWaitingTermination                 0x2000123c   Data          20  tasks.o(.bss)
    xSuspendedTaskList                       0x20001250   Data          20  tasks.o(.bss)
    .bss                                     0x20001264   Section      116  adc.o(.bss)
    .bss                                     0x200012d8   Section       64  usart.o(.bss)
    .bss                                     0x20001318   Section       64  stm32f1xx_hal_timebase_tim.o(.bss)
    STACK                                    0x20001358   Section     1024  startup_stm32f103xb.o(STACK)

    Global Symbols

    Symbol Name                              Value     Ov Type        Size  Object(Section)

    BuildAttributes$$THM_ISAv4$P$D$K$B$S$PE$A:L22UL41UL21$X:L11$S22US41US21$IEEE1$IW$USESV6$~STKCKD$USESV7$~SHL$OSPACE$ROPI$EBA8$MICROLIB$REQ8$PRES8$EABIv2 0x00000000   Number         0  anon$$obj.o ABSOLUTE
    __ARM_use_no_argv                        0x00000000   Number         0  main.o ABSOLUTE
    _printf_a                                0x00000000   Number         0  stubs.o ABSOLUTE
    _printf_c                                0x00000000   Number         0  stubs.o ABSOLUTE
    _printf_charcount                        0x00000000   Number         0  stubs.o ABSOLUTE
    _printf_d                                0x00000000   Number         0  stubs.o ABSOLUTE
    _printf_e                                0x00000000   Number         0  stubs.o ABSOLUTE
    _printf_f                                0x00000000   Number         0  stubs.o ABSOLUTE
    _printf_flags                            0x00000000   Number         0  stubs.o ABSOLUTE
    _printf_fp_dec                           0x00000000   Number         0  stubs.o ABSOLUTE
    _printf_fp_hex                           0x00000000   Number         0  stubs.o ABSOLUTE
    _printf_g                                0x00000000   Number         0  stubs.o ABSOLUTE
    _printf_i                                0x00000000   Number         0  stubs.o ABSOLUTE
    _printf_int_dec                          0x00000000   Number         0  stubs.o ABSOLUTE
    _printf_l                                0x00000000   Number         0  stubs.o ABSOLUTE
    _printf_lc                               0x00000000   Number         0  stubs.o ABSOLUTE
    _printf_ll                               0x00000000   Number         0  stubs.o ABSOLUTE
    _printf_lld                              0x00000000   Number         0  stubs.o ABSOLUTE
    _printf_lli                              0x00000000   Number         0  stubs.o ABSOLUTE
    _printf_llo                              0x00000000   Number         0  stubs.o ABSOLUTE
    _printf_llu                              0x00000000   Number         0  stubs.o ABSOLUTE
    _printf_llx                              0x00000000   Number         0  stubs.o ABSOLUTE
    _printf_longlong_dec                     0x00000000   Number         0  stubs.o ABSOLUTE
    _printf_longlong_hex                     0x00000000   Number         0  stubs.o ABSOLUTE
    _printf_longlong_oct                     0x00000000   Number         0  stubs.o ABSOLUTE
    _printf_ls                               0x00000000   Number         0  stubs.o ABSOLUTE
    _printf_mbtowc                           0x00000000   Number         0  stubs.o ABSOLUTE
    _printf_n                                0x00000000   Number         0  stubs.o ABSOLUTE
    _printf_o                                0x00000000   Number         0  stubs.o ABSOLUTE
    _printf_p                                0x00000000   Number         0  stubs.o ABSOLUTE
    _printf_percent                          0x00000000   Number         0  stubs.o ABSOLUTE
    _printf_pre_padding                      0x00000000   Number         0  stubs.o ABSOLUTE
    _printf_return_value                     0x00000000   Number         0  stubs.o ABSOLUTE
    _printf_s                                0x00000000   Number         0  stubs.o ABSOLUTE
    _printf_sizespec                         0x00000000   Number         0  stubs.o ABSOLUTE
    _printf_str                              0x00000000   Number         0  stubs.o ABSOLUTE
    _printf_truncate_signed                  0x00000000   Number         0  stubs.o ABSOLUTE
    _printf_truncate_unsigned                0x00000000   Number         0  stubs.o ABSOLUTE
    _printf_u                                0x00000000   Number         0  stubs.o ABSOLUTE
    _printf_wc                               0x00000000   Number         0  stubs.o ABSOLUTE
    _printf_wctomb                           0x00000000   Number         0  stubs.o ABSOLUTE
    _printf_widthprec                        0x00000000   Number         0  stubs.o ABSOLUTE
    _printf_x                                0x00000000   Number         0  stubs.o ABSOLUTE
    __cpp_initialize__aeabi_                  - Undefined Weak Reference
    __cxa_finalize                            - Undefined Weak Reference
    __decompress                              - Undefined Weak Reference
    _clock_init                               - Undefined Weak Reference
    _microlib_exit                            - Undefined Weak Reference
    __Vectors_Size                           0x000000ec   Number         0  startup_stm32f103xb.o ABSOLUTE
    __Vectors                                0x08000000   Data           4  startup_stm32f103xb.o(RESET)
    __Vectors_End                            0x080000ec   Data           0  startup_stm32f103xb.o(RESET)
    __main                                   0x080000ed   Thumb Code     0  entry.o(.ARM.Collect$$$$00000000)
    _main_stk                                0x080000ed   Thumb Code     0  entry2.o(.ARM.Collect$$$$00000001)
    _main_scatterload                        0x080000f1   Thumb Code     0  entry5.o(.ARM.Collect$$$$00000004)
    __main_after_scatterload                 0x080000f5   Thumb Code     0  entry5.o(.ARM.Collect$$$$00000004)
    _main_clock                              0x080000f5   Thumb Code     0  entry7b.o(.ARM.Collect$$$$00000008)
    _main_cpp_init                           0x080000f5   Thumb Code     0  entry8b.o(.ARM.Collect$$$$0000000A)
    _main_init                               0x080000f5   Thumb Code     0  entry9a.o(.ARM.Collect$$$$0000000B)
    __rt_final_cpp                           0x080000fd   Thumb Code     0  entry10a.o(.ARM.Collect$$$$0000000D)
    __rt_final_exit                          0x080000fd   Thumb Code     0  entry11a.o(.ARM.Collect$$$$0000000F)
    SVC_Handler                              0x08000101   Thumb Code    32  port.o(.emb_text)
    __asm___6_port_c_39a90d8d__prvStartFirstTask 0x08000125   Thumb Code    28  port.o(.emb_text)
    PendSV_Handler                           0x08000145   Thumb Code    72  port.o(.emb_text)
    vPortGetIPSR                             0x08000191   Thumb Code     6  port.o(.emb_text)
    Reset_Handler                            0x08000199   Thumb Code     8  startup_stm32f103xb.o(.text)
    ADC1_2_IRQHandler                        0x080001b3   Thumb Code     0  startup_stm32f103xb.o(.text)
    CAN1_RX1_IRQHandler                      0x080001b3   Thumb Code     0  startup_stm32f103xb.o(.text)
    CAN1_SCE_IRQHandler                      0x080001b3   Thumb Code     0  startup_stm32f103xb.o(.text)
    DMA1_Channel2_IRQHandler                 0x080001b3   Thumb Code     0  startup_stm32f103xb.o(.text)
    DMA1_Channel3_IRQHandler                 0x080001b3   Thumb Code     0  startup_stm32f103xb.o(.text)
    DMA1_Channel4_IRQHandler                 0x080001b3   Thumb Code     0  startup_stm32f103xb.o(.text)
    DMA1_Channel5_IRQHandler                 0x080001b3   Thumb Code     0  startup_stm32f103xb.o(.text)
    DMA1_Channel6_IRQHandler                 0x080001b3   Thumb Code     0  startup_stm32f103xb.o(.text)
    DMA1_Channel7_IRQHandler                 0x080001b3   Thumb Code     0  startup_stm32f103xb.o(.text)
    EXTI0_IRQHandler                         0x080001b3   Thumb Code     0  startup_stm32f103xb.o(.text)
    EXTI15_10_IRQHandler                     0x080001b3   Thumb Code     0  startup_stm32f103xb.o(.text)
    EXTI1_IRQHandler                         0x080001b3   Thumb Code     0  startup_stm32f103xb.o(.text)
    EXTI2_IRQHandler                         0x080001b3   Thumb Code     0  startup_stm32f103xb.o(.text)
    EXTI3_IRQHandler                         0x080001b3   Thumb Code     0  startup_stm32f103xb.o(.text)
    EXTI4_IRQHandler                         0x080001b3   Thumb Code     0  startup_stm32f103xb.o(.text)
    EXTI9_5_IRQHandler                       0x080001b3   Thumb Code     0  startup_stm32f103xb.o(.text)
    FLASH_IRQHandler                         0x080001b3   Thumb Code     0  startup_stm32f103xb.o(.text)
    I2C1_ER_IRQHandler                       0x080001b3   Thumb Code     0  startup_stm32f103xb.o(.text)
    I2C1_EV_IRQHandler                       0x080001b3   Thumb Code     0  startup_stm32f103xb.o(.text)
    I2C2_ER_IRQHandler                       0x080001b3   Thumb Code     0  startup_stm32f103xb.o(.text)
    I2C2_EV_IRQHandler                       0x080001b3   Thumb Code     0  startup_stm32f103xb.o(.text)
    PVD_IRQHandler                           0x080001b3   Thumb Code     0  startup_stm32f103xb.o(.text)
    RCC_IRQHandler                           0x080001b3   Thumb Code     0  startup_stm32f103xb.o(.text)
    RTC_Alarm_IRQHandler                     0x080001b3   Thumb Code     0  startup_stm32f103xb.o(.text)
    RTC_IRQHandler                           0x080001b3   Thumb Code     0  startup_stm32f103xb.o(.text)
    SPI1_IRQHandler                          0x080001b3   Thumb Code     0  startup_stm32f103xb.o(.text)
    SPI2_IRQHandler                          0x080001b3   Thumb Code     0  startup_stm32f103xb.o(.text)
    TAMPER_IRQHandler                        0x080001b3   Thumb Code     0  startup_stm32f103xb.o(.text)
    TIM1_BRK_IRQHandler                      0x080001b3   Thumb Code     0  startup_stm32f103xb.o(.text)
    TIM1_CC_IRQHandler                       0x080001b3   Thumb Code     0  startup_stm32f103xb.o(.text)
    TIM1_TRG_COM_IRQHandler                  0x080001b3   Thumb Code     0  startup_stm32f103xb.o(.text)
    TIM2_IRQHandler                          0x080001b3   Thumb Code     0  startup_stm32f103xb.o(.text)
    TIM3_IRQHandler                          0x080001b3   Thumb Code     0  startup_stm32f103xb.o(.text)
    TIM4_IRQHandler                          0x080001b3   Thumb Code     0  startup_stm32f103xb.o(.text)
    USART2_IRQHandler                        0x080001b3   Thumb Code     0  startup_stm32f103xb.o(.text)
    USART3_IRQHandler                        0x080001b3   Thumb Code     0  startup_stm32f103xb.o(.text)
    USBWakeUp_IRQHandler                     0x080001b3   Thumb Code     0  startup_stm32f103xb.o(.text)
    USB_HP_CAN1_TX_IRQHandler                0x080001b3   Thumb Code     0  startup_stm32f103xb.o(.text)
    USB_LP_CAN1_RX0_IRQHandler               0x080001b3   Thumb Code     0  startup_stm32f103xb.o(.text)
    WWDG_IRQHandler                          0x080001b3   Thumb Code     0  startup_stm32f103xb.o(.text)
    __aeabi_memcpy                           0x080001bd   Thumb Code    36  memcpya.o(.text)
    __aeabi_memcpy4                          0x080001bd   Thumb Code     0  memcpya.o(.text)
    __aeabi_memcpy8                          0x080001bd   Thumb Code     0  memcpya.o(.text)
    __aeabi_memset                           0x080001e1   Thumb Code    14  memseta.o(.text)
    __aeabi_memset4                          0x080001e1   Thumb Code     0  memseta.o(.text)
    __aeabi_memset8                          0x080001e1   Thumb Code     0  memseta.o(.text)
    __aeabi_memclr                           0x080001ef   Thumb Code     4  memseta.o(.text)
    __aeabi_memclr4                          0x080001ef   Thumb Code     0  memseta.o(.text)
    __aeabi_memclr8                          0x080001ef   Thumb Code     0  memseta.o(.text)
    _memset$wrapper                          0x080001f3   Thumb Code    18  memseta.o(.text)
    __aeabi_uidiv                            0x08000205   Thumb Code     0  uidiv.o(.text)
    __aeabi_uidivmod                         0x08000205   Thumb Code    44  uidiv.o(.text)
    __scatterload                            0x08000231   Thumb Code    28  init.o(.text)
    __scatterload_rt2                        0x08000231   Thumb Code     0  init.o(.text)
    ADC_ConversionStop_Disable               0x08000255   Thumb Code    82  stm32f1xx_hal_adc.o(i.ADC_ConversionStop_Disable)
    ADC_DMAConvCplt                          0x080002a7   Thumb Code    82  stm32f1xx_hal_adc.o(i.ADC_DMAConvCplt)
    ADC_DMAError                             0x080002f9   Thumb Code    30  stm32f1xx_hal_adc.o(i.ADC_DMAError)
    ADC_DMAHalfConvCplt                      0x08000317   Thumb Code    14  stm32f1xx_hal_adc.o(i.ADC_DMAHalfConvCplt)
    ADC_Enable                               0x08000325   Thumb Code   122  stm32f1xx_hal_adc.o(i.ADC_Enable)
    BusFault_Handler                         0x080003a9   Thumb Code     4  stm32f1xx_it.o(i.BusFault_Handler)
    DMA1_Channel1_IRQHandler                 0x080003ad   Thumb Code    10  stm32f1xx_it.o(i.DMA1_Channel1_IRQHandler)
    DebugMon_Handler                         0x080003e9   Thumb Code     2  stm32f1xx_it.o(i.DebugMon_Handler)
    HAL_ADC_ConfigChannel                    0x080003ed   Thumb Code   338  stm32f1xx_hal_adc.o(i.HAL_ADC_ConfigChannel)
    HAL_ADC_ConvCpltCallback                 0x0800054d   Thumb Code     2  stm32f1xx_hal_adc.o(i.HAL_ADC_ConvCpltCallback)
    HAL_ADC_ConvHalfCpltCallback             0x0800054f   Thumb Code     2  stm32f1xx_hal_adc.o(i.HAL_ADC_ConvHalfCpltCallback)
    HAL_ADC_ErrorCallback                    0x08000551   Thumb Code     2  stm32f1xx_hal_adc.o(i.HAL_ADC_ErrorCallback)
    HAL_ADC_Init                             0x08000555   Thumb Code   314  stm32f1xx_hal_adc.o(i.HAL_ADC_Init)
    HAL_ADC_MspInit                          0x08000699   Thumb Code   122  adc.o(i.HAL_ADC_MspInit)
    HAL_ADC_Start_DMA                        0x08000739   Thumb Code   362  stm32f1xx_hal_adc.o(i.HAL_ADC_Start_DMA)
    HAL_DMA_Abort_IT                         0x080008b9   Thumb Code   172  stm32f1xx_hal_dma.o(i.HAL_DMA_Abort_IT)
    HAL_DMA_IRQHandler                       0x08000969   Thumb Code   408  stm32f1xx_hal_dma.o(i.HAL_DMA_IRQHandler)
    HAL_DMA_Init                             0x08000b05   Thumb Code   108  stm32f1xx_hal_dma.o(i.HAL_DMA_Init)
    HAL_DMA_Start_IT                         0x08000b75   Thumb Code   156  stm32f1xx_hal_dma.o(i.HAL_DMA_Start_IT)
    HAL_GPIO_Init                            0x08000c11   Thumb Code   764  stm32f1xx_hal_gpio.o(i.HAL_GPIO_Init)
    HAL_GPIO_ReadPin                         0x08000f2d   Thumb Code    16  stm32f1xx_hal_gpio.o(i.HAL_GPIO_ReadPin)
    HAL_GPIO_WritePin                        0x08000f3d   Thumb Code    12  stm32f1xx_hal_gpio.o(i.HAL_GPIO_WritePin)
    HAL_GetTick                              0x08000f49   Thumb Code     6  stm32f1xx_hal.o(i.HAL_GetTick)
    HAL_IncTick                              0x08000f55   Thumb Code    16  stm32f1xx_hal.o(i.HAL_IncTick)
    HAL_Init                                 0x08000f6d   Thumb Code    34  stm32f1xx_hal.o(i.HAL_Init)
    HAL_InitTick                             0x08000f95   Thumb Code   118  stm32f1xx_hal_timebase_tim.o(i.HAL_InitTick)
    HAL_MspInit                              0x0800101d   Thumb Code   132  stm32f1xx_hal_msp.o(i.HAL_MspInit)
    HAL_NVIC_EnableIRQ                       0x080010a9   Thumb Code    26  stm32f1xx_hal_cortex.o(i.HAL_NVIC_EnableIRQ)
    HAL_NVIC_SetPriority                     0x080010c3   Thumb Code   124  stm32f1xx_hal_cortex.o(i.HAL_NVIC_SetPriority)
    HAL_NVIC_SetPriorityGrouping             0x08001141   Thumb Code    32  stm32f1xx_hal_cortex.o(i.HAL_NVIC_SetPriorityGrouping)
    HAL_RCCEx_PeriphCLKConfig                0x08001169   Thumb Code   290  stm32f1xx_hal_rcc_ex.o(i.HAL_RCCEx_PeriphCLKConfig)
    HAL_RCC_ClockConfig                      0x08001299   Thumb Code   402  stm32f1xx_hal_rcc.o(i.HAL_RCC_ClockConfig)
    HAL_RCC_GetClockConfig                   0x0800143d   Thumb Code    58  stm32f1xx_hal_rcc.o(i.HAL_RCC_GetClockConfig)
    HAL_RCC_GetHCLKFreq                      0x08001481   Thumb Code     6  stm32f1xx_hal_rcc.o(i.HAL_RCC_GetHCLKFreq)
    HAL_RCC_GetPCLK1Freq                     0x0800148d   Thumb Code    22  stm32f1xx_hal_rcc.o(i.HAL_RCC_GetPCLK1Freq)
    HAL_RCC_GetPCLK2Freq                     0x080014ad   Thumb Code    22  stm32f1xx_hal_rcc.o(i.HAL_RCC_GetPCLK2Freq)
    HAL_RCC_GetSysClockFreq                  0x080014cd   Thumb Code   116  stm32f1xx_hal_rcc.o(i.HAL_RCC_GetSysClockFreq)
    HAL_RCC_OscConfig                        0x08001561   Thumb Code  1078  stm32f1xx_hal_rcc.o(i.HAL_RCC_OscConfig)
    HAL_SYSTICK_CLKSourceConfig              0x080019a1   Thumb Code    40  stm32f1xx_hal_cortex.o(i.HAL_SYSTICK_CLKSourceConfig)
    HAL_SYSTICK_Config                       0x080019c9   Thumb Code    52  stm32f1xx_hal_cortex.o(i.HAL_SYSTICK_Config)
    HAL_TIMEx_BreakCallback                  0x080019fd   Thumb Code     2  stm32f1xx_hal_tim_ex.o(i.HAL_TIMEx_BreakCallback)
    HAL_TIMEx_CommutationCallback            0x080019ff   Thumb Code     2  stm32f1xx_hal_tim_ex.o(i.HAL_TIMEx_CommutationCallback)
    HAL_TIM_Base_Init                        0x08001a01   Thumb Code    52  stm32f1xx_hal_tim.o(i.HAL_TIM_Base_Init)
    HAL_TIM_Base_MspInit                     0x08001a35   Thumb Code     2  stm32f1xx_hal_tim.o(i.HAL_TIM_Base_MspInit)
    HAL_TIM_Base_Start_IT                    0x08001a37   Thumb Code    30  stm32f1xx_hal_tim.o(i.HAL_TIM_Base_Start_IT)
    HAL_TIM_IC_CaptureCallback               0x08001a55   Thumb Code     2  stm32f1xx_hal_tim.o(i.HAL_TIM_IC_CaptureCallback)
    HAL_TIM_IRQHandler                       0x08001a57   Thumb Code   406  stm32f1xx_hal_tim.o(i.HAL_TIM_IRQHandler)
    HAL_TIM_OC_DelayElapsedCallback          0x08001bed   Thumb Code     2  stm32f1xx_hal_tim.o(i.HAL_TIM_OC_DelayElapsedCallback)
    HAL_TIM_PWM_PulseFinishedCallback        0x08001bef   Thumb Code     2  stm32f1xx_hal_tim.o(i.HAL_TIM_PWM_PulseFinishedCallback)
    HAL_TIM_PeriodElapsedCallback            0x08001bf1   Thumb Code    18  main.o(i.HAL_TIM_PeriodElapsedCallback)
    HAL_TIM_TriggerCallback                  0x08001c09   Thumb Code     2  stm32f1xx_hal_tim.o(i.HAL_TIM_TriggerCallback)
    HAL_UART_ErrorCallback                   0x08001c0b   Thumb Code     2  stm32f1xx_hal_uart.o(i.HAL_UART_ErrorCallback)
    HAL_UART_IRQHandler                      0x08001c0d   Thumb Code   326  stm32f1xx_hal_uart.o(i.HAL_UART_IRQHandler)
    HAL_UART_Init                            0x08001d59   Thumb Code   114  stm32f1xx_hal_uart.o(i.HAL_UART_Init)
    HAL_UART_MspInit                         0x08001dcd   Thumb Code   118  usart.o(i.HAL_UART_MspInit)
    HAL_UART_Receive                         0x08001e55   Thumb Code   222  stm32f1xx_hal_uart.o(i.HAL_UART_Receive)
    HAL_UART_RxCpltCallback                  0x08001f33   Thumb Code     2  stm32f1xx_hal_uart.o(i.HAL_UART_RxCpltCallback)
    HAL_UART_Transmit                        0x08001f35   Thumb Code   214  stm32f1xx_hal_uart.o(i.HAL_UART_Transmit)
    HAL_UART_Transmit_IT                     0x0800200b   Thumb Code    88  stm32f1xx_hal_uart.o(i.HAL_UART_Transmit_IT)
    HAL_UART_TxCpltCallback                  0x08002063   Thumb Code     2  stm32f1xx_hal_uart.o(i.HAL_UART_TxCpltCallback)
    HardFault_Handler                        0x08002065   Thumb Code     4  stm32f1xx_it.o(i.HardFault_Handler)
    Key_Update                               0x080020d1   Thumb Code   110  key.o(i.Key_Update)
    LC12S_Init                               0x08002151   Thumb Code   158  lc12s.o(i.LC12S_Init)
    LC12S_Send                               0x08002251   Thumb Code   126  lc12s.o(i.LC12S_Send)
    MX_ADC1_Init                             0x080022d9   Thumb Code   164  adc.o(i.MX_ADC1_Init)
    MX_DMA_Init                              0x08002395   Thumb Code    48  dma.o(i.MX_DMA_Init)
    MX_FREERTOS_Init                         0x080023c9   Thumb Code    30  freertos.o(i.MX_FREERTOS_Init)
    MX_GPIO_Init                             0x080023f1   Thumb Code   292  gpio.o(i.MX_GPIO_Init)
    MX_USART1_UART_Init                      0x08002521   Thumb Code    50  usart.o(i.MX_USART1_UART_Init)
    MemManage_Handler                        0x0800256d   Thumb Code     4  stm32f1xx_it.o(i.MemManage_Handler)
    NMI_Handler                              0x08002571   Thumb Code     2  stm32f1xx_it.o(i.NMI_Handler)
    OLED_ClearDisplay                        0x080025ad   Thumb Code    72  oled.o(i.OLED_ClearDisplay)
    OLED_ClearGRAM                           0x080025f5   Thumb Code    48  oled.o(i.OLED_ClearGRAM)
    OLED_DrawF6x8Char                        0x08002629   Thumb Code   234  oled.o(i.OLED_DrawF6x8Char)
    OLED_DrawF6x8Pic                         0x0800271d   Thumb Code   232  oled.o(i.OLED_DrawF6x8Pic)
    OLED_DrawF6x8String                      0x0800280d   Thumb Code    56  oled.o(i.OLED_DrawF6x8String)
    OLED_InitConfig                          0x08002845   Thumb Code   188  oled.o(i.OLED_InitConfig)
    OLED_RefreshGRAM                         0x08002901   Thumb Code    62  oled.o(i.OLED_RefreshGRAM)
    Rocker_GetData                           0x080029ad   Thumb Code   518  rocker.o(i.Rocker_GetData)
    Rocker_Init                              0x08002bbd   Thumb Code    14  rocker.o(i.Rocker_Init)
    StartDefaultTask                         0x08002c15   Thumb Code    84  freertos.o(i.StartDefaultTask)
    Switch_Get                               0x08002e9d   Thumb Code    38  switch.o(i.Switch_Get)
    SysTick_Handler                          0x08002ecd   Thumb Code     8  stm32f1xx_it.o(i.SysTick_Handler)
    SystemClock_Config                       0x08002ed5   Thumb Code   152  main.o(i.SystemClock_Config)
    SystemInit                               0x08002f7d   Thumb Code    70  system_stm32f1xx.o(i.SystemInit)
    TIM1_UP_IRQHandler                       0x08002fd5   Thumb Code    10  stm32f1xx_it.o(i.TIM1_UP_IRQHandler)
    TIM_Base_SetConfig                       0x08002fe5   Thumb Code   102  stm32f1xx_hal_tim.o(i.TIM_Base_SetConfig)
    USART1_IRQHandler                        0x080033f1   Thumb Code    10  stm32f1xx_it.o(i.USART1_IRQHandler)
    UsageFault_Handler                       0x08003401   Thumb Code     4  stm32f1xx_it.o(i.UsageFault_Handler)
    _Error_Handler                           0x08003469   Thumb Code     4  main.o(i._Error_Handler)
    __0sprintf$1                             0x0800346d   Thumb Code    34  printf1.o(i.__0sprintf$1)
    __1sprintf$1                             0x0800346d   Thumb Code     0  printf1.o(i.__0sprintf$1)
    __2sprintf                               0x0800346d   Thumb Code     0  printf1.o(i.__0sprintf$1)
    __scatterload_copy                       0x08003495   Thumb Code    14  handlers.o(i.__scatterload_copy)
    __scatterload_null                       0x080034a3   Thumb Code     2  handlers.o(i.__scatterload_null)
    __scatterload_zeroinit                   0x080034a5   Thumb Code    14  handlers.o(i.__scatterload_zeroinit)
    main                                     0x08003613   Thumb Code    36  main.o(i.main)
    osDelay                                  0x08003645   Thumb Code    24  cmsis_os.o(i.osDelay)
    osKernelStart                            0x0800365d   Thumb Code    10  cmsis_os.o(i.osKernelStart)
    osSystickHandler                         0x08003667   Thumb Code    16  cmsis_os.o(i.osSystickHandler)
    osThreadCreate                           0x08003677   Thumb Code    48  cmsis_os.o(i.osThreadCreate)
    pvPortMalloc                             0x08003b0d   Thumb Code   296  heap_4.o(i.pvPortMalloc)
    pxPortInitialiseStack                    0x08003c49   Thumb Code    30  port.o(i.pxPortInitialiseStack)
    task_Control                             0x08003c6d   Thumb Code    40  task_control.o(i.task_Control)
    uxListRemove                             0x08003c9d   Thumb Code    40  list.o(i.uxListRemove)
    vApplicationIdleHook                     0x08003cc5   Thumb Code     2  freertos.o(i.vApplicationIdleHook)
    vListInitialise                          0x08003cc7   Thumb Code    26  list.o(i.vListInitialise)
    vListInitialiseItem                      0x08003ce1   Thumb Code     6  list.o(i.vListInitialiseItem)
    vListInsert                              0x08003ce7   Thumb Code    52  list.o(i.vListInsert)
    vListInsertEnd                           0x08003d1b   Thumb Code    24  list.o(i.vListInsertEnd)
    vPortEnterCritical                       0x08003d35   Thumb Code    76  port.o(i.vPortEnterCritical)
    vPortExitCritical                        0x08003d89   Thumb Code    56  port.o(i.vPortExitCritical)
    vPortFree                                0x08003dc5   Thumb Code   140  heap_4.o(i.vPortFree)
    vPortSetupTimerInterrupt                 0x08003e59   Thumb Code    26  port.o(i.vPortSetupTimerInterrupt)
    vTaskDelay                               0x08003e79   Thumb Code    82  tasks.o(i.vTaskDelay)
    vTaskDelayUntil                          0x08003ed5   Thumb Code   200  tasks.o(i.vTaskDelayUntil)
    vTaskDelete                              0x08003fa9   Thumb Code   202  tasks.o(i.vTaskDelete)
    vTaskStartScheduler                      0x0800409d   Thumb Code   108  tasks.o(i.vTaskStartScheduler)
    vTaskSuspendAll                          0x08004125   Thumb Code    12  tasks.o(i.vTaskSuspendAll)
    vTaskSwitchContext                       0x08004135   Thumb Code   118  tasks.o(i.vTaskSwitchContext)
    xPortStartScheduler                      0x080041c1   Thumb Code   140  port.o(i.xPortStartScheduler)
    xPortSysTickHandler                      0x08004261   Thumb Code    46  port.o(i.xPortSysTickHandler)
    xTaskCreate                              0x08004295   Thumb Code    96  tasks.o(i.xTaskCreate)
    xTaskGetSchedulerState                   0x080042f5   Thumb Code    24  tasks.o(i.xTaskGetSchedulerState)
    xTaskGetTickCount                        0x08004315   Thumb Code     6  tasks.o(i.xTaskGetTickCount)
    xTaskIncrementTick                       0x08004321   Thumb Code   282  tasks.o(i.xTaskIncrementTick)
    xTaskResumeAll                           0x08004469   Thumb Code   224  tasks.o(i.xTaskResumeAll)
    Pic6x8                                   0x0800456c   Data          12  font.o(.constdata)
    F6x8                                     0x08004578   Data         552  font.o(.constdata)
    AHBPrescTable                            0x080047a0   Data          16  system_stm32f1xx.o(.constdata)
    APBPrescTable                            0x080047b0   Data           8  system_stm32f1xx.o(.constdata)
    Region$$Table$$Base                      0x080047f4   Number         0  anon$$obj.o(Region$$Table)
    Region$$Table$$Limit                     0x08004814   Number         0  anon$$obj.o(Region$$Table)
    KeyPort                                  0x20000044   Data          32  key.o(.data)
    KeyPin                                   0x20000064   Data          16  key.o(.data)
    uwTick                                   0x20000088   Data           4  stm32f1xx_hal.o(.data)
    uwTickPrio                               0x2000008c   Data           4  stm32f1xx_hal.o(.data)
    uwTickFreq                               0x20000090   Data           1  stm32f1xx_hal.o(.data)
    SystemCoreClock                          0x20000094   Data           4  system_stm32f1xx.o(.data)
    pxCurrentTCB                             0x200000bc   Data           4  tasks.o(.data)
    defaultTaskHandle                        0x200000f8   Data           4  freertos.o(.data)
    task_Control_Handle                      0x200000fc   Data           4  freertos.o(.data)
    hadc1                                    0x20001264   Data          48  adc.o(.bss)
    hdma_adc1                                0x20001294   Data          68  adc.o(.bss)
    huart1                                   0x200012d8   Data          64  usart.o(.bss)
    htim1                                    0x20001318   Data          64  stm32f1xx_hal_timebase_tim.o(.bss)
    __initial_sp                             0x20001758   Data           0  startup_stm32f103xb.o(STACK)



==============================================================================

Memory Map of the image

  Image Entry point : 0x080000ed

  Load Region LR_IROM1 (Base: 0x08000000, Size: 0x00004914, Max: 0x00010000, ABSOLUTE)

    Execution Region ER_IROM1 (Base: 0x08000000, Size: 0x00004814, Max: 0x00010000, ABSOLUTE)

    Base Addr    Size         Type   Attr      Idx    E Section Name        Object

    0x08000000   0x000000ec   Data   RO            3    RESET               startup_stm32f103xb.o
    0x080000ec   0x00000000   Code   RO         4474  * .ARM.Collect$$$$00000000  mc_w.l(entry.o)
    0x080000ec   0x00000004   Code   RO         4746    .ARM.Collect$$$$00000001  mc_w.l(entry2.o)
    0x080000f0   0x00000004   Code   RO         4749    .ARM.Collect$$$$00000004  mc_w.l(entry5.o)
    0x080000f4   0x00000000   Code   RO         4751    .ARM.Collect$$$$00000008  mc_w.l(entry7b.o)
    0x080000f4   0x00000000   Code   RO         4753    .ARM.Collect$$$$0000000A  mc_w.l(entry8b.o)
    0x080000f4   0x00000008   Code   RO         4754    .ARM.Collect$$$$0000000B  mc_w.l(entry9a.o)
    0x080000fc   0x00000000   Code   RO         4756    .ARM.Collect$$$$0000000D  mc_w.l(entry10a.o)
    0x080000fc   0x00000000   Code   RO         4758    .ARM.Collect$$$$0000000F  mc_w.l(entry11a.o)
    0x080000fc   0x00000004   Code   RO         4747    .ARM.Collect$$$$00002712  mc_w.l(entry2.o)
    0x08000100   0x00000096   Code   RO         3434    .emb_text           port.o
    0x08000196   0x00000002   PAD
    0x08000198   0x00000024   Code   RO            4    .text               startup_stm32f103xb.o
    0x080001bc   0x00000024   Code   RO         4479    .text               mc_w.l(memcpya.o)
    0x080001e0   0x00000024   Code   RO         4481    .text               mc_w.l(memseta.o)
    0x08000204   0x0000002c   Code   RO         4763    .text               mc_w.l(uidiv.o)
    0x08000230   0x00000024   Code   RO         4778    .text               mc_w.l(init.o)
    0x08000254   0x00000052   Code   RO         2763    i.ADC_ConversionStop_Disable  stm32f1xx_hal_adc.o
    0x080002a6   0x00000052   Code   RO         2764    i.ADC_DMAConvCplt   stm32f1xx_hal_adc.o
    0x080002f8   0x0000001e   Code   RO         2765    i.ADC_DMAError      stm32f1xx_hal_adc.o
    0x08000316   0x0000000e   Code   RO         2766    i.ADC_DMAHalfConvCplt  stm32f1xx_hal_adc.o
    0x08000324   0x00000084   Code   RO         2767    i.ADC_Enable        stm32f1xx_hal_adc.o
    0x080003a8   0x00000004   Code   RO         4395    i.BusFault_Handler  stm32f1xx_it.o
    0x080003ac   0x00000010   Code   RO         4396    i.DMA1_Channel1_IRQHandler  stm32f1xx_it.o
    0x080003bc   0x0000002c   Code   RO         1637    i.DMA_SetConfig     stm32f1xx_hal_dma.o
    0x080003e8   0x00000002   Code   RO         4397    i.DebugMon_Handler  stm32f1xx_it.o
    0x080003ea   0x00000002   PAD
    0x080003ec   0x00000160   Code   RO         2769    i.HAL_ADC_ConfigChannel  stm32f1xx_hal_adc.o
    0x0800054c   0x00000002   Code   RO         2770    i.HAL_ADC_ConvCpltCallback  stm32f1xx_hal_adc.o
    0x0800054e   0x00000002   Code   RO         2771    i.HAL_ADC_ConvHalfCpltCallback  stm32f1xx_hal_adc.o
    0x08000550   0x00000002   Code   RO         2773    i.HAL_ADC_ErrorCallback  stm32f1xx_hal_adc.o
    0x08000552   0x00000002   PAD
    0x08000554   0x00000144   Code   RO         2778    i.HAL_ADC_Init      stm32f1xx_hal_adc.o
    0x08000698   0x000000a0   Code   RO         4095    i.HAL_ADC_MspInit   adc.o
    0x08000738   0x00000180   Code   RO         2785    i.HAL_ADC_Start_DMA  stm32f1xx_hal_adc.o
    0x080008b8   0x000000b0   Code   RO         1639    i.HAL_DMA_Abort_IT  stm32f1xx_hal_dma.o
    0x08000968   0x0000019c   Code   RO         1643    i.HAL_DMA_IRQHandler  stm32f1xx_hal_dma.o
    0x08000b04   0x00000070   Code   RO         1644    i.HAL_DMA_Init      stm32f1xx_hal_dma.o
    0x08000b74   0x0000009c   Code   RO         1648    i.HAL_DMA_Start_IT  stm32f1xx_hal_dma.o
    0x08000c10   0x0000031c   Code   RO          743    i.HAL_GPIO_Init     stm32f1xx_hal_gpio.o
    0x08000f2c   0x00000010   Code   RO          745    i.HAL_GPIO_ReadPin  stm32f1xx_hal_gpio.o
    0x08000f3c   0x0000000c   Code   RO          747    i.HAL_GPIO_WritePin  stm32f1xx_hal_gpio.o
    0x08000f48   0x0000000c   Code   RO         1055    i.HAL_GetTick       stm32f1xx_hal.o
    0x08000f54   0x00000018   Code   RO         1059    i.HAL_IncTick       stm32f1xx_hal.o
    0x08000f6c   0x00000028   Code   RO         1060    i.HAL_Init          stm32f1xx_hal.o
    0x08000f94   0x00000088   Code   RO         4355    i.HAL_InitTick      stm32f1xx_hal_timebase_tim.o
    0x0800101c   0x0000008c   Code   RO         4331    i.HAL_MspInit       stm32f1xx_hal_msp.o
    0x080010a8   0x0000001a   Code   RO         1734    i.HAL_NVIC_EnableIRQ  stm32f1xx_hal_cortex.o
    0x080010c2   0x0000007c   Code   RO         1740    i.HAL_NVIC_SetPriority  stm32f1xx_hal_cortex.o
    0x0800113e   0x00000002   PAD
    0x08001140   0x00000028   Code   RO         1741    i.HAL_NVIC_SetPriorityGrouping  stm32f1xx_hal_cortex.o
    0x08001168   0x00000130   Code   RO         2088    i.HAL_RCCEx_PeriphCLKConfig  stm32f1xx_hal_rcc_ex.o
    0x08001298   0x000001a4   Code   RO         1980    i.HAL_RCC_ClockConfig  stm32f1xx_hal_rcc.o
    0x0800143c   0x00000044   Code   RO         1984    i.HAL_RCC_GetClockConfig  stm32f1xx_hal_rcc.o
    0x08001480   0x0000000c   Code   RO         1985    i.HAL_RCC_GetHCLKFreq  stm32f1xx_hal_rcc.o
    0x0800148c   0x00000020   Code   RO         1987    i.HAL_RCC_GetPCLK1Freq  stm32f1xx_hal_rcc.o
    0x080014ac   0x00000020   Code   RO         1988    i.HAL_RCC_GetPCLK2Freq  stm32f1xx_hal_rcc.o
    0x080014cc   0x00000094   Code   RO         1989    i.HAL_RCC_GetSysClockFreq  stm32f1xx_hal_rcc.o
    0x08001560   0x00000440   Code   RO         1992    i.HAL_RCC_OscConfig  stm32f1xx_hal_rcc.o
    0x080019a0   0x00000028   Code   RO         1743    i.HAL_SYSTICK_CLKSourceConfig  stm32f1xx_hal_cortex.o
    0x080019c8   0x00000034   Code   RO         1745    i.HAL_SYSTICK_Config  stm32f1xx_hal_cortex.o
    0x080019fc   0x00000002   Code   RO          507    i.HAL_TIMEx_BreakCallback  stm32f1xx_hal_tim_ex.o
    0x080019fe   0x00000002   Code   RO          508    i.HAL_TIMEx_CommutationCallback  stm32f1xx_hal_tim_ex.o
    0x08001a00   0x00000034   Code   RO         2124    i.HAL_TIM_Base_Init  stm32f1xx_hal_tim.o
    0x08001a34   0x00000002   Code   RO         2126    i.HAL_TIM_Base_MspInit  stm32f1xx_hal_tim.o
    0x08001a36   0x0000001e   Code   RO         2129    i.HAL_TIM_Base_Start_IT  stm32f1xx_hal_tim.o
    0x08001a54   0x00000002   Code   RO         2153    i.HAL_TIM_IC_CaptureCallback  stm32f1xx_hal_tim.o
    0x08001a56   0x00000196   Code   RO         2166    i.HAL_TIM_IRQHandler  stm32f1xx_hal_tim.o
    0x08001bec   0x00000002   Code   RO         2169    i.HAL_TIM_OC_DelayElapsedCallback  stm32f1xx_hal_tim.o
    0x08001bee   0x00000002   Code   RO         2196    i.HAL_TIM_PWM_PulseFinishedCallback  stm32f1xx_hal_tim.o
    0x08001bf0   0x00000018   Code   RO         4232    i.HAL_TIM_PeriodElapsedCallback  main.o
    0x08001c08   0x00000002   Code   RO         2207    i.HAL_TIM_TriggerCallback  stm32f1xx_hal_tim.o
    0x08001c0a   0x00000002   Code   RO         1224    i.HAL_UART_ErrorCallback  stm32f1xx_hal_uart.o
    0x08001c0c   0x0000014c   Code   RO         1227    i.HAL_UART_IRQHandler  stm32f1xx_hal_uart.o
    0x08001d58   0x00000072   Code   RO         1228    i.HAL_UART_Init     stm32f1xx_hal_uart.o
    0x08001dca   0x00000002   PAD
    0x08001dcc   0x00000088   Code   RO         4167    i.HAL_UART_MspInit  usart.o
    0x08001e54   0x000000de   Code   RO         1231    i.HAL_UART_Receive  stm32f1xx_hal_uart.o
    0x08001f32   0x00000002   Code   RO         1234    i.HAL_UART_RxCpltCallback  stm32f1xx_hal_uart.o
    0x08001f34   0x000000d6   Code   RO         1236    i.HAL_UART_Transmit  stm32f1xx_hal_uart.o
    0x0800200a   0x00000058   Code   RO         1238    i.HAL_UART_Transmit_IT  stm32f1xx_hal_uart.o
    0x08002062   0x00000002   Code   RO         1239    i.HAL_UART_TxCpltCallback  stm32f1xx_hal_uart.o
    0x08002064   0x00000004   Code   RO         4398    i.HardFault_Handler  stm32f1xx_it.o
    0x08002068   0x00000034   Code   RO          284    i.IIC_Start         oled.o
    0x0800209c   0x00000034   Code   RO          285    i.IIC_Stop          oled.o
    0x080020d0   0x00000080   Code   RO          247    i.Key_Update        key.o
    0x08002150   0x000000b0   Code   RO           13    i.LC12S_Init        lc12s.o
    0x08002200   0x0000004e   Code   RO           14    i.LC12S_PT2PD       lc12s.o
    0x0800224e   0x00000002   PAD
    0x08002250   0x00000088   Code   RO           15    i.LC12S_Send        lc12s.o
    0x080022d8   0x000000bc   Code   RO         4096    i.MX_ADC1_Init      adc.o
    0x08002394   0x00000034   Code   RO         4208    i.MX_DMA_Init       dma.o
    0x080023c8   0x00000028   Code   RO         4282    i.MX_FREERTOS_Init  freertos.o
    0x080023f0   0x00000130   Code   RO         4142    i.MX_GPIO_Init      gpio.o
    0x08002520   0x0000004c   Code   RO         4168    i.MX_USART1_UART_Init  usart.o
    0x0800256c   0x00000004   Code   RO         4399    i.MemManage_Handler  stm32f1xx_it.o
    0x08002570   0x00000002   Code   RO         4400    i.NMI_Handler       stm32f1xx_it.o
    0x08002572   0x00000002   PAD
    0x08002574   0x00000010   Code   RO         1747    i.NVIC_GetPriorityGrouping  stm32f1xx_hal_cortex.o
    0x08002584   0x00000028   Code   RO         1748    i.NVIC_SetPriority  stm32f1xx_hal_cortex.o
    0x080025ac   0x00000048   Code   RO          286    i.OLED_ClearDisplay  oled.o
    0x080025f4   0x00000034   Code   RO          287    i.OLED_ClearGRAM    oled.o
    0x08002628   0x000000f4   Code   RO          288    i.OLED_DrawF6x8Char  oled.o
    0x0800271c   0x000000f0   Code   RO          289    i.OLED_DrawF6x8Pic  oled.o
    0x0800280c   0x00000038   Code   RO          290    i.OLED_DrawF6x8String  oled.o
    0x08002844   0x000000bc   Code   RO          291    i.OLED_InitConfig   oled.o
    0x08002900   0x00000044   Code   RO          293    i.OLED_RefreshGRAM  oled.o
    0x08002944   0x00000020   Code   RO          295    i.OLED_WrCmd        oled.o
    0x08002964   0x00000020   Code   RO          296    i.OLED_WrDat        oled.o
    0x08002984   0x00000028   Code   RO         1993    i.RCC_Delay         stm32f1xx_hal_rcc.o
    0x080029ac   0x00000210   Code   RO          194    i.Rocker_GetData    rocker.o
    0x08002bbc   0x00000018   Code   RO          196    i.Rocker_Init       rocker.o
    0x08002bd4   0x00000040   Code   RO          431    i.SendData          task_control.o
    0x08002c14   0x00000060   Code   RO         4283    i.StartDefaultTask  freertos.o
    0x08002c74   0x00000028   Code   RO          432    i.Status_CopterAdjust  task_control.o
    0x08002c9c   0x000000c4   Code   RO          433    i.Status_Detail     task_control.o
    0x08002d60   0x00000002   Code   RO          434    i.Status_LeaveCopterAdjust  task_control.o
    0x08002d62   0x00000002   Code   RO          435    i.Status_LeaveDetail  task_control.o
    0x08002d64   0x00000002   Code   RO          436    i.Status_LeaveRcokerAdjust  task_control.o
    0x08002d66   0x00000002   PAD
    0x08002d68   0x00000028   Code   RO          437    i.Status_RcokerAdjust  task_control.o
    0x08002d90   0x0000010c   Code   RO          438    i.Status_Update     task_control.o
    0x08002e9c   0x00000030   Code   RO          391    i.Switch_Get        switch.o
    0x08002ecc   0x00000008   Code   RO         4401    i.SysTick_Handler   stm32f1xx_it.o
    0x08002ed4   0x000000a8   Code   RO         4233    i.SystemClock_Config  main.o
    0x08002f7c   0x00000058   Code   RO         2944    i.SystemInit        system_stm32f1xx.o
    0x08002fd4   0x00000010   Code   RO         4402    i.TIM1_UP_IRQHandler  stm32f1xx_it.o
    0x08002fe4   0x00000074   Code   RO         2208    i.TIM_Base_SetConfig  stm32f1xx_hal_tim.o
    0x08003058   0x00000014   Code   RO         1241    i.UART_DMAAbortOnError  stm32f1xx_hal_uart.o
    0x0800306c   0x00000020   Code   RO         1251    i.UART_EndRxTransfer  stm32f1xx_hal_uart.o
    0x0800308c   0x00000020   Code   RO         1252    i.UART_EndTransmit_IT  stm32f1xx_hal_uart.o
    0x080030ac   0x000000a6   Code   RO         1254    i.UART_Receive_IT   stm32f1xx_hal_uart.o
    0x08003152   0x00000002   PAD
    0x08003154   0x000001c8   Code   RO         1255    i.UART_SetConfig    stm32f1xx_hal_uart.o
    0x0800331c   0x00000068   Code   RO         1256    i.UART_Transmit_IT  stm32f1xx_hal_uart.o
    0x08003384   0x0000006c   Code   RO         1257    i.UART_WaitOnFlagUntilTimeout  stm32f1xx_hal_uart.o
    0x080033f0   0x00000010   Code   RO         4403    i.USART1_IRQHandler  stm32f1xx_it.o
    0x08003400   0x00000004   Code   RO         4404    i.UsageFault_Handler  stm32f1xx_it.o
    0x08003404   0x00000064   Code   RO          297    i.Write_IIC_Byte    oled.o
    0x08003468   0x00000004   Code   RO         4234    i._Error_Handler    main.o
    0x0800346c   0x00000028   Code   RO         4532    i.__0sprintf$1      mc_w.l(printf1.o)
    0x08003494   0x0000000e   Code   RO         4790    i.__scatterload_copy  mc_w.l(handlers.o)
    0x080034a2   0x00000002   Code   RO         4791    i.__scatterload_null  mc_w.l(handlers.o)
    0x080034a4   0x0000000e   Code   RO         4792    i.__scatterload_zeroinit  mc_w.l(handlers.o)
    0x080034b2   0x00000002   PAD
    0x080034b4   0x00000154   Code   RO         4537    i._printf_core      mc_w.l(printf1.o)
    0x08003608   0x0000000a   Code   RO         4539    i._sputc            mc_w.l(printf1.o)
    0x08003612   0x00000024   Code   RO         4235    i.main              main.o
    0x08003636   0x0000000e   Code   RO         3055    i.makeFreeRtosPriority  cmsis_os.o
    0x08003644   0x00000018   Code   RO         3057    i.osDelay           cmsis_os.o
    0x0800365c   0x0000000a   Code   RO         3060    i.osKernelStart     cmsis_os.o
    0x08003666   0x00000010   Code   RO         3093    i.osSystickHandler  cmsis_os.o
    0x08003676   0x00000030   Code   RO         3094    i.osThreadCreate    cmsis_os.o
    0x080036a6   0x00000002   PAD
    0x080036a8   0x00000098   Code   RO         3789    i.prvAddCurrentTaskToDelayedList  tasks.o
    0x08003740   0x000000b4   Code   RO         3790    i.prvAddNewTaskToReadyList  tasks.o
    0x080037f4   0x00000064   Code   RO         3791    i.prvCheckTasksWaitingTermination  tasks.o
    0x08003858   0x00000012   Code   RO         3792    i.prvDeleteTCB      tasks.o
    0x0800386a   0x00000002   PAD
    0x0800386c   0x0000007c   Code   RO         2977    i.prvHeapInit       heap_4.o
    0x080038e8   0x0000002c   Code   RO         3793    i.prvIdleTask       tasks.o
    0x08003914   0x000000b4   Code   RO         3794    i.prvInitialiseNewTask  tasks.o
    0x080039c8   0x00000068   Code   RO         3795    i.prvInitialiseTaskLists  tasks.o
    0x08003a30   0x00000068   Code   RO         2978    i.prvInsertBlockIntoFreeList  heap_4.o
    0x08003a98   0x00000034   Code   RO         3796    i.prvResetNextTaskUnblockTime  tasks.o
    0x08003acc   0x00000040   Code   RO         3435    i.prvTaskExitError  port.o
    0x08003b0c   0x0000013c   Code   RO         2979    i.pvPortMalloc      heap_4.o
    0x08003c48   0x00000024   Code   RO         3436    i.pxPortInitialiseStack  port.o
    0x08003c6c   0x00000030   Code   RO          439    i.task_Control      task_control.o
    0x08003c9c   0x00000028   Code   RO         3591    i.uxListRemove      list.o
    0x08003cc4   0x00000002   Code   RO         4284    i.vApplicationIdleHook  freertos.o
    0x08003cc6   0x0000001a   Code   RO         3592    i.vListInitialise   list.o
    0x08003ce0   0x00000006   Code   RO         3593    i.vListInitialiseItem  list.o
    0x08003ce6   0x00000034   Code   RO         3594    i.vListInsert       list.o
    0x08003d1a   0x00000018   Code   RO         3595    i.vListInsertEnd    list.o
    0x08003d32   0x00000002   PAD
    0x08003d34   0x00000054   Code   RO         3438    i.vPortEnterCritical  port.o
    0x08003d88   0x0000003c   Code   RO         3439    i.vPortExitCritical  port.o
    0x08003dc4   0x00000094   Code   RO         2980    i.vPortFree         heap_4.o
    0x08003e58   0x00000020   Code   RO         3440    i.vPortSetupTimerInterrupt  port.o
    0x08003e78   0x0000005c   Code   RO         3806    i.vTaskDelay        tasks.o
    0x08003ed4   0x000000d4   Code   RO         3807    i.vTaskDelayUntil   tasks.o
    0x08003fa8   0x000000f4   Code   RO         3808    i.vTaskDelete       tasks.o
    0x0800409c   0x00000088   Code   RO         3818    i.vTaskStartScheduler  tasks.o
    0x08004124   0x00000010   Code   RO         3820    i.vTaskSuspendAll   tasks.o
    0x08004134   0x0000008c   Code   RO         3821    i.vTaskSwitchContext  tasks.o
    0x080041c0   0x000000a0   Code   RO         3442    i.xPortStartScheduler  port.o
    0x08004260   0x00000034   Code   RO         3443    i.xPortSysTickHandler  port.o
    0x08004294   0x00000060   Code   RO         3823    i.xTaskCreate       tasks.o
    0x080042f4   0x00000020   Code   RO         3827    i.xTaskGetSchedulerState  tasks.o
    0x08004314   0x0000000c   Code   RO         3828    i.xTaskGetTickCount  tasks.o
    0x08004320   0x00000148   Code   RO         3830    i.xTaskIncrementTick  tasks.o
    0x08004468   0x00000104   Code   RO         3836    i.xTaskResumeAll    tasks.o
    0x0800456c   0x00000234   Data   RO          421    .constdata          font.o
    0x080047a0   0x00000018   Data   RO         2945    .constdata          system_stm32f1xx.o
    0x080047b8   0x00000028   Data   RO         4285    .constdata          freertos.o
    0x080047e0   0x00000014   Data   RO         4286    .conststring        freertos.o
    0x080047f4   0x00000020   Data   RO         4788    Region$$Table       anon$$obj.o


    Execution Region RW_IRAM1 (Base: 0x20000000, Size: 0x00001758, Max: 0x00005000, ABSOLUTE)

    Base Addr    Size         Type   Attr      Idx    E Section Name        Object

    0x20000000   0x00000012   Data   RW           17    .data               lc12s.o
    0x20000012   0x00000002   PAD
    0x20000014   0x00000030   Data   RW          199    .data               rocker.o
    0x20000044   0x00000030   Data   RW          249    .data               key.o
    0x20000074   0x00000014   Data   RW          441    .data               task_control.o
    0x20000088   0x00000009   Data   RW         1067    .data               stm32f1xx_hal.o
    0x20000091   0x00000003   PAD
    0x20000094   0x00000004   Data   RW         2946    .data               system_stm32f1xx.o
    0x20000098   0x00000018   Data   RW         2985    .data               heap_4.o
    0x200000b0   0x0000000c   Data   RW         3444    .data               port.o
    0x200000bc   0x0000003c   Data   RW         3839    .data               tasks.o
    0x200000f8   0x00000008   Data   RW         4287    .data               freertos.o
    0x20000100   0x00000032   Zero   RW           16    .bss                lc12s.o
    0x20000132   0x00000002   PAD
    0x20000134   0x00000010   Zero   RW          198    .bss                rocker.o
    0x20000144   0x00000020   Zero   RW          248    .bss                key.o
    0x20000164   0x00000400   Zero   RW          298    .bss                oled.o
    0x20000564   0x00000010   Zero   RW          440    .bss                task_control.o
    0x20000574   0x00000c00   Zero   RW         2984    .bss                heap_4.o
    0x20001174   0x000000f0   Zero   RW         3838    .bss                tasks.o
    0x20001264   0x00000074   Zero   RW         4097    .bss                adc.o
    0x200012d8   0x00000040   Zero   RW         4169    .bss                usart.o
    0x20001318   0x00000040   Zero   RW         4358    .bss                stm32f1xx_hal_timebase_tim.o
    0x20001358   0x00000400   Zero   RW            1    STACK               startup_stm32f103xb.o


==============================================================================

Image component sizes


      Code (inc. data)   RO Data    RW Data    ZI Data      Debug   Object Name

       348         62          0          0        116       1663   adc.o
       112          0          0          0          0      12770   cmsis_os.o
        52          4          0          0          0        682   dma.o
         0          0          0          0          0       8040   event_groups.o
         0          0        564          0          0        450   font.o
       138         22         60          8          0       2325   freertos.o
       304         12          0          0          0        951   gpio.o
       692         62          0         24       3072       8583   heap_4.o
       128         18          0         48         32       1594   key.o
       390         28          0         18         50     470458   lc12s.o
       148          0          0          0          0       3302   list.o
       232         22          0          0          0       2441   main.o
      1188         40          0          0       1024       7513   oled.o
       638         66          0         12          0      10048   port.o
       552         20          0         48         16       1687   rocker.o
        36          8        236          0       1024        784   startup_stm32f103xb.o
        76         20          0          9          0       2490   stm32f1xx_hal.o
      1406         56          0          0          0       8066   stm32f1xx_hal_adc.o
       338         22          0          0          0      26645   stm32f1xx_hal_cortex.o
       900         12          0          0          0       4090   stm32f1xx_hal_dma.o
       824         32          0          0          0       3223   stm32f1xx_hal_gpio.o
       140          8          0          0          0        862   stm32f1xx_hal_msp.o
      1840        118          0          0          0       6389   stm32f1xx_hal_rcc.o
       304         14          0          0          0       1360   stm32f1xx_hal_rcc_ex.o
       614         14          0          0          0       5754   stm32f1xx_hal_tim.o
         4          0          0          0          0       1470   stm32f1xx_hal_tim_ex.o
       136         18          0          0         64       1432   stm32f1xx_hal_timebase_tim.o
      1894         12          0          0          0      10673   stm32f1xx_hal_uart.o
        76         18          0          0          0       4179   stm32f1xx_it.o
        48         10          0          0          0        549   switch.o
        88         18         24          4          0       1103   system_stm32f1xx.o
       662        116          0         20         16       5107   task_control.o
      2398        338          0         60        240      18066   tasks.o
       212         44          0          0         64       1574   usart.o

    ----------------------------------------------------------------------
     16942       1234        916        256       5720     636323   Object Totals
         0          0         32          0          0          0   (incl. Generated)
        24          0          0          5          2          0   (incl. Padding)

    ----------------------------------------------------------------------

      Code (inc. data)   RO Data    RW Data    ZI Data      Debug   Library Member Name

         0          0          0          0          0          0   entry.o
         0          0          0          0          0          0   entry10a.o
         0          0          0          0          0          0   entry11a.o
         8          4          0          0          0          0   entry2.o
         4          0          0          0          0          0   entry5.o
         0          0          0          0          0          0   entry7b.o
         0          0          0          0          0          0   entry8b.o
         8          4          0          0          0          0   entry9a.o
        30          0          0          0          0          0   handlers.o
        36          8          0          0          0         68   init.o
        36          0          0          0          0         68   memcpya.o
        36          0          0          0          0        108   memseta.o
       390         10          0          0          0        252   printf1.o
        44          0          0          0          0         80   uidiv.o

    ----------------------------------------------------------------------
       594         26          0          0          0        576   Library Totals
         2          0          0          0          0          0   (incl. Padding)

    ----------------------------------------------------------------------

      Code (inc. data)   RO Data    RW Data    ZI Data      Debug   Library Name

       592         26          0          0          0        576   mc_w.l

    ----------------------------------------------------------------------
       594         26          0          0          0        576   Library Totals

    ----------------------------------------------------------------------

==============================================================================


      Code (inc. data)   RO Data    RW Data    ZI Data      Debug   

     17536       1260        916        256       5720     628783   Grand Totals
     17536       1260        916        256       5720     628783   ELF Image Totals
     17536       1260        916        256          0          0   ROM Totals

==============================================================================

    Total RO  Size (Code + RO Data)                18452 (  18.02kB)
    Total RW  Size (RW Data + ZI Data)              5976 (   5.84kB)
    Total ROM Size (Code + RO Data + RW Data)      18708 (  18.27kB)

==============================================================================

