<html>
<body>
<pre>
<h1>µVision Build Log</h1>
<h2>Tool Versions:</h2>
IDE-Version: ¦ÌVision V5.23.0.0
Copyright (C) 2017 ARM Ltd and ARM Germany GmbH. All rights reserved.
License Information: H Zhiwei, HZW, LIC=47GVE-5UHLW-X72RZ-JIVJI-EGB9K-R77BH
 
Tool Versions:
Toolchain:       MDK-ARM Plus  Version: 5.23
Toolchain Path:  D:\Keil_v5\ARM\ARMCC\Bin
C Compiler:      Armcc.exe V5.06 update 4 (build 422)
Assembler:       Armasm.exe V5.06 update 4 (build 422)
Linker/Locator:  ArmLink.exe V5.06 update 4 (build 422)
Library Manager: ArmAr.exe V5.06 update 4 (build 422)
Hex Converter:   FromElf.exe V5.06 update 4 (build 422)
CPU DLL:         SARMCM3.DLL V5.23
Dialog DLL:      DCM.DLL V1.15.0.0
Target DLL:      Segger\JL2CM3.dll V2.99.23.0
Dialog DLL:      TCM.DLL V1.27.0.0
 
<h2>Project:</h2>
C:\Users\Hzhiwei\Desktop\CO\CopterRC\MDK-ARM\CopterRC.uvprojx
Project File Date:  04/16/2018

<h2>Output:</h2>
*** Using Compiler 'V5.06 update 4 (build 422)', folder: 'D:\Keil_v5\ARM\ARMCC\Bin'
Build target 'CopterRC'
assembling startup_stm32f103xb.s...
compiling Switch.c...
compiling Key.c...
compiling Rocker.c...
compiling OLED.c...
..\HardwareDriver\src\OLED.c(197): warning:  #177-D: function "IIC_Delay"  was declared but never referenced
  static void IIC_Delay(uint32_t time)
..\HardwareDriver\src\OLED.c: 1 warning, 0 errors
compiling font.c...
..\HardwareDriver\src\font.c(119): warning:  #9-D: nested comment is not allowed
..\HardwareDriver\src\font.c: 1 warning, 0 errors
compiling Flash.c...
compiling stm32f1xx_hal_tim_ex.c...
compiling Bluetooth.c...
compiling task_Control.c...
..\task\src\task_Control.c(56): warning:  #177-D: variable "Offset"  was declared but never referenced
  	uint32_t Offset[4][3] = {0};
..\task\src\task_Control.c(100): warning:  #177-D: variable "pushSendTick"  was declared but never referenced
  	static TickType_t pushSendTick = 0;
..\task\src\task_Control.c: 2 warnings, 0 errors
compiling stm32f1xx_hal_gpio.c...
compiling stm32f1xx_hal_flash_ex.c...
compiling stm32f1xx_hal_gpio_ex.c...
compiling stm32f1xx_hal_adc_ex.c...
compiling stm32f1xx_hal.c...
compiling stm32f1xx_hal_flash.c...
compiling stm32f1xx_hal_uart.c...
compiling stm32f1xx_hal_dma.c...
compiling stm32f1xx_hal_cortex.c...
compiling stm32f1xx_hal_rcc_ex.c...
compiling stm32f1xx_hal_pwr.c...
compiling stm32f1xx_hal_rcc.c...
compiling heap_4.c...
compiling cmsis_os.c...
compiling croutine.c...
compiling system_stm32f1xx.c...
compiling stm32f1xx_hal_adc.c...
compiling port.c...
compiling stm32f1xx_hal_tim.c...
compiling event_groups.c...
compiling list.c...
compiling timers.c...
compiling queue.c...
compiling tasks.c...
compiling adc.c...
compiling gpio.c...
compiling usart.c...
compiling dma.c...
compiling stm32f1xx_hal_msp.c...
compiling main.c...
compiling stm32f1xx_hal_timebase_TIM.c...
compiling freertos.c...
../Src/freertos.c(144): warning:  #177-D: label "InitFail"  was declared but never referenced
  	InitFail:
../Src/freertos.c: 1 warning, 0 errors
compiling stm32f1xx_it.c...
linking...
Program Size: Code=23160 RO-data=924 RW-data=264 ZI-data=5928  
"CopterRC\CopterRC.axf" - 0 Error(s), 5 Warning(s).

<h2>Collection of Component include folders:</h2>
  .\RTE\_CopterRC
  D:\Keil_v5\ARM\PACK\Keil\STM32F1xx_DFP\2.0.0\Device\Include

<h2>Collection of Component Files used:</h2>
Build Time Elapsed:  00:00:38
</pre>
</body>
</html>
